
> Configure project :app
WARNING: The option setting 'android.overridePathCheck=true' is experimental.
The current default is 'false'.
WARNING: The option setting 'android.disallowKotlinSourceSets=false' is experimental.
The current default is 'true'.

> Task :experience-core:checkKotlinGradlePluginConfigurationErrors SKIPPED
> Task :experience-core:processResources NO-SOURCE
> Task :app:preBuild UP-TO-DATE
> Task :app:preReleaseBuild UP-TO-DATE
> Task :app:mergeReleaseJniLibFolders
> Task :app:generateReleaseResources
> Task :app:checkReleaseDuplicateClasses
> Task :app:packageReleaseResources
> Task :app:processReleaseNavigationResources
> Task :app:parseReleaseLocalResources
> Task :app:javaPreCompileRelease
> Task :app:generateReleaseRFile
> Task :app:compileReleaseNavigationResources
> Task :app:mergeReleaseArtProfile
> Task :app:checkReleaseAarMetadata
> Task :app:mapReleaseSourceSetPaths
> Task :app:createReleaseCompatibleScreenManifests
> Task :app:extractDeepLinksRelease
> Task :app:processReleaseMainManifest
> Task :app:processReleaseManifest
> Task :app:extractProguardFiles
> Task :app:mergeReleaseStartupProfile
> Task :app:generateReleaseAssets UP-TO-DATE
> Task :app:mergeReleaseAssets
> Task :app:compressReleaseAssets
> Task :experience-core:compileKotlin
> Task :app:extractReleaseVersionControlInfo
> Task :experience-core:compileJava NO-SOURCE
> Task :experience-core:classes UP-TO-DATE
> Task :experience-core:jar
> Task :app:mergeReleaseNativeLibs

> Task :app:stripReleaseDebugSymbols
Unable to strip the following libraries, packaging them as they are: libandroidx.graphics.path.so, libdatastore_shared_counter.so. Run with --info option to learn more.

> Task :app:mergeReleaseResources
> Task :app:collectReleaseDependencies
> Task :app:extractReleaseNativeSymbolTables
> Task :app:sdkReleaseDependencyData
> Task :app:mergeReleaseNativeDebugMetadata NO-SOURCE
> Task :app:validateSigningRelease
> Task :app:writeReleaseAppMetadata
> Task :app:writeReleaseSigningConfigVersions
> Task :app:processReleaseManifestForPackage
> Task :app:processReleaseResources
> Task :app:optimizeReleaseResources
> Task :app:kspReleaseKotlin

> Task :app:compileReleaseKotlin
w: file:///D:/Evolune-Workspace/worktrees/Evolune-v1.7/app/src/main/java/io/github/yingqiu0871/evolune/navigation/AppNavigation.kt:1376:56 'val Icons.Filled.ArrowBack: ImageVector' is deprecated. Use the AutoMirrored version at Icons.AutoMirrored.Filled.ArrowBack.
w: file:///D:/Evolune-Workspace/worktrees/Evolune-v1.7/app/src/main/java/io/github/yingqiu0871/evolune/navigation/AppNavigation.kt:1430:37 'val Icons.Filled.List: ImageVector' is deprecated. Use the AutoMirrored version at Icons.AutoMirrored.Filled.List.
w: file:///D:/Evolune-Workspace/worktrees/Evolune-v1.7/app/src/main/java/io/github/yingqiu0871/evolune/navigation/AppNavigation.kt:1431:41 'val Icons.Outlined.List: ImageVector' is deprecated. Use the AutoMirrored version at Icons.AutoMirrored.Outlined.List.
w: file:///D:/Evolune-Workspace/worktrees/Evolune-v1.7/app/src/main/java/io/github/yingqiu0871/evolune/ui/components/MedicationRecordBottomSheet.kt:932:9 'fun ButtonGroup(modifier: Modifier = ..., expandedRatio: Float = ..., horizontalArrangement: Arrangement.Horizontal = ..., content: ComposableFunction1<ButtonGroupScope, Unit>): Unit' is deprecated. Please use the overload with overflowIndicator parameter. This overload will create a composable that is cut off if there are too many items to fit on the screen neatly.
w: file:///D:/Evolune-Workspace/worktrees/Evolune-v1.7/app/src/main/java/io/github/yingqiu0871/evolune/ui/screens/insights/InsightsPresentation.kt:31:27 This annotation is currently applied to the value parameter only, but in the future it will also be applied to field.
- To opt in to applying to both value parameter and field, add '-Xannotation-default-target=param-property' to your compiler arguments.
- To keep applying to the value parameter only, use the '@param:' annotation target.

See https://youtrack.jetbrains.com/issue/KT-73255 for more details.
w: file:///D:/Evolune-Workspace/worktrees/Evolune-v1.7/app/src/main/java/io/github/yingqiu0871/evolune/ui/screens/insights/InsightsPresentation.kt:43:62 This annotation is currently applied to the value parameter only, but in the future it will also be applied to field.
- To opt in to applying to both value parameter and field, add '-Xannotation-default-target=param-property' to your compiler arguments.
- To keep applying to the value parameter only, use the '@param:' annotation target.

See https://youtrack.jetbrains.com/issue/KT-73255 for more details.
w: file:///D:/Evolune-Workspace/worktrees/Evolune-v1.7/app/src/main/java/io/github/yingqiu0871/evolune/ui/screens/insights/InsightsPresentation.kt:45:73 This annotation is currently applied to the value parameter only, but in the future it will also be applied to field.
- To opt in to applying to both value parameter and field, add '-Xannotation-default-target=param-property' to your compiler arguments.
- To keep applying to the value parameter only, use the '@param:' annotation target.

See https://youtrack.jetbrains.com/issue/KT-73255 for more details.
w: file:///D:/Evolune-Workspace/worktrees/Evolune-v1.7/app/src/main/java/io/github/yingqiu0871/evolune/ui/screens/insights/InsightsPresentation.kt:47:66 This annotation is currently applied to the value parameter only, but in the future it will also be applied to field.
- To opt in to applying to both value parameter and field, add '-Xannotation-default-target=param-property' to your compiler arguments.
- To keep applying to the value parameter only, use the '@param:' annotation target.

See https://youtrack.jetbrains.com/issue/KT-73255 for more details.
w: file:///D:/Evolune-Workspace/worktrees/Evolune-v1.7/app/src/main/java/io/github/yingqiu0871/evolune/ui/screens/timeline/TimelinePresentation.kt:48:29 This annotation is currently applied to the value parameter only, but in the future it will also be applied to field.
- To opt in to applying to both value parameter and field, add '-Xannotation-default-target=param-property' to your compiler arguments.
- To keep applying to the value parameter only, use the '@param:' annotation target.

See https://youtrack.jetbrains.com/issue/KT-73255 for more details.
w: file:///D:/Evolune-Workspace/worktrees/Evolune-v1.7/app/src/main/java/io/github/yingqiu0871/evolune/ui/screens/timeline/TimelinePresentation.kt:50:51 This annotation is currently applied to the value parameter only, but in the future it will also be applied to field.
- To opt in to applying to both value parameter and field, add '-Xannotation-default-target=param-property' to your compiler arguments.
- To keep applying to the value parameter only, use the '@param:' annotation target.

See https://youtrack.jetbrains.com/issue/KT-73255 for more details.
w: file:///D:/Evolune-Workspace/worktrees/Evolune-v1.7/app/src/main/java/io/github/yingqiu0871/evolune/ui/screens/timeline/TimelinePresentation.kt:54:27 This annotation is currently applied to the value parameter only, but in the future it will also be applied to field.
- To opt in to applying to both value parameter and field, add '-Xannotation-default-target=param-property' to your compiler arguments.
- To keep applying to the value parameter only, use the '@param:' annotation target.

See https://youtrack.jetbrains.com/issue/KT-73255 for more details.

> Task :app:compileReleaseJavaWithJavac NO-SOURCE
> Task :app:mergeReleaseGeneratedProguardFiles
> Task :app:processReleaseJavaRes
> Task :app:generateReleaseLintVitalReportModel
> Task :app:expandReleaseArtProfileWildcards
> Task :app:mergeReleaseJavaResource
> Task :app:produceReleaseComposeMapping
> Task :app:reportReleaseComposeMappingErrors
> Task :app:lintVitalAnalyzeRelease
> Task :app:minifyReleaseWithR8
> Task :app:mergeReleaseComposeMapping
> Task :app:compileReleaseArtProfile
> Task :app:lintVitalReportRelease
> Task :app:lintVitalRelease
> Task :app:packageRelease
> Task :app:createReleaseApkListingFileRedirect
> Task :app:assembleRelease

BUILD SUCCESSFUL in 1m 36s
52 actionable tasks: 52 executed
Consider enabling configuration cache to speed up this build: https://docs.gradle.org/9.2.1/userguide/configuration_cache_enabling.html
