2026-09-18T21:26:03  step 1: onboarding=False textNodes=8
2026-09-18T21:30:52  weight field text=55.0
2026-09-18T21:31:01  weight after edit=77.7
2026-09-18T21:31:52  candidate launch texts=26
2026-09-18T21:32:07  candidate appearance: sourceDynamic=True sourcePreset=True compatRow=False oldDynamicLabel=False
2026-09-18T21:32:53  bottom: driveRow=True checkNow=True guide=True about=False
2026-09-18T21:33:07  bottom2: about=True tutorial=True privacy=True
2026-09-18T21:33:55  onb step 1: onboarding=True
2026-09-18T21:33:55  no clickable nodes at step 1
2026-09-18T21:34:54  step 1: onboarding=True
2026-09-18T21:34:54    tap: 下一步
2026-09-18T21:34:58  step 2: onboarding=True
2026-09-18T21:34:58    tap: 下一步
2026-09-18T21:35:05  step 3: onboarding=True
2026-09-18T21:35:05    tap: 下一步
2026-09-18T21:35:15  step 4: onboarding=True
2026-09-18T21:35:15    tap: 下一步
2026-09-18T21:35:19  step 5: onboarding=True
2026-09-18T21:35:19    tap: 下一步
2026-09-18T21:35:23  step 6: onboarding=True
2026-09-18T21:35:23    tap: 下一步
2026-09-18T21:35:27  step 7: onboarding=True
2026-09-18T21:35:27    tap: 下一步
2026-09-18T21:35:32  step 8: onboarding=True
2026-09-18T21:35:32    tap: 下一步
2026-09-18T21:35:36  step 9: onboarding=True
2026-09-18T21:35:36    tap: 下一步
2026-09-18T21:35:40  step 10: onboarding=True
2026-09-18T21:35:40    tap: 下一步
2026-09-18T21:36:19  iter 1: onboarding=True
2026-09-18T21:36:19    tap at [869,2297][997,2358]
2026-09-18T21:36:25  iter 2: onboarding=True
2026-09-18T21:36:25    tap at [869,2297][997,2358]
2026-09-18T21:36:29  iter 3: onboarding=True
2026-09-18T21:36:29    tap at [869,2297][997,2358]
2026-09-18T21:36:34  iter 4: onboarding=True
2026-09-18T21:36:34    tap at [869,2297][997,2358]
2026-09-18T21:36:39  iter 5: onboarding=True
2026-09-18T21:36:39    tap at [869,2297][997,2358]
2026-09-18T21:36:44  iter 6: onboarding=True
2026-09-18T21:36:44    tap at [869,2297][997,2358]
2026-09-18T21:37:24  iter 1: step='第 3 / 5 步' checkbox=True
2026-09-18T21:37:25    checkbox tapped
2026-09-18T21:37:28    next tapped
2026-09-18T21:37:30  iter 2: step='第 3 / 5 步' checkbox=True
2026-09-18T21:37:32    checkbox tapped
2026-09-18T21:37:34    next tapped
2026-09-18T21:37:37  iter 3: step='第 3 / 5 步' checkbox=True
2026-09-18T21:37:38    checkbox tapped
2026-09-18T21:37:40    next tapped
2026-09-18T21:37:43  iter 4: step='第 3 / 5 步' checkbox=True
2026-09-18T21:37:45    checkbox tapped
2026-09-18T21:37:47    next tapped
2026-09-18T21:37:49  iter 5: step='第 3 / 5 步' checkbox=True
2026-09-18T21:37:51    checkbox tapped
2026-09-18T21:37:53    next tapped
2026-09-18T21:37:56  iter 6: step='第 3 / 5 步' checkbox=True
2026-09-18T21:37:57    checkbox tapped
2026-09-18T21:37:59    next tapped
2026-09-18T21:38:02  iter 7: step='第 3 / 5 步' checkbox=True
2026-09-18T21:38:04    checkbox tapped
2026-09-18T21:38:06    next tapped
2026-09-18T21:38:08  iter 8: step='第 3 / 5 步' checkbox=True
2026-09-18T21:38:10    checkbox tapped
2026-09-18T21:38:12    next tapped
2026-09-18T21:46:57  after checkbox-square + next: step='第 4 / 5 步'
2026-09-18T21:47:24  iter 1: step='第 4 / 5 步' checkbox=False next=True finish=False
2026-09-18T21:47:29  iter 2: step='第 4 / 5 步' checkbox=False next=True finish=False
2026-09-18T21:47:34  iter 3: step='第 4 / 5 步' checkbox=False next=True finish=False
2026-09-18T21:47:40  iter 4: step='第 4 / 5 步' checkbox=False next=True finish=False
2026-09-18T21:47:45  iter 5: step='第 4 / 5 步' checkbox=False next=True finish=False
2026-09-18T21:47:49  iter 6: step='第 4 / 5 步' checkbox=False next=True finish=False
2026-09-18T21:48:40  iter 1: step='第 4 / 5 步' checkbox=True next=True finish=False
2026-09-18T21:48:41    checkbox square tapped at 135,1465
2026-09-18T21:48:46  iter 2: step='第 5 / 5 步' checkbox=False next=False finish=False
2026-09-18T21:48:46    no next/finish
2026-09-18T21:51:49  baseline builtin appearance seeded
2026-09-18T21:52:06  baseline builtin: weight=66.0
2026-09-18T21:53:15  candidate builtin: compatRow=True sourcePreset=True
2026-09-18T21:53:43  after blue tap: compatRow=False
2026-09-18T21:53:50  after migration top: weight=66.0
2026-09-18T21:54:58  tapped preset tile ok
2026-09-18T21:55:02  tapped preset tile ok
2026-09-18T21:55:06  tapped preset tile ok
2026-09-18T21:55:10  tapped preset tile ok
2026-09-18T21:55:15  tapped preset tile ok
2026-09-18T21:55:19  tapped preset tile ok
2026-09-18T21:55:23  tapped preset tile ok
2026-09-18T21:55:35  preset cycle complete
2026-09-18T21:57:57  returned to DYNAMIC
2026-09-18T21:58:51  system mode tapped=True
2026-09-18T21:59:04  light=True blue=True
2026-09-18T21:59:21  dark=True sakura=True
2026-09-18T21:59:39  amoled=True mint=True
2026-09-18T21:59:57  final dark=True blue=True
2026-09-18T22:00:40  portable export json tapped=True
2026-09-18T22:00:43  range dialog visible=True
2026-09-18T22:00:55  legacy export clipboard tapped=True
2026-09-18T22:00:59  clipboard warning visible=True
2026-09-18T22:01:08  legacy import file tapped=True
2026-09-18T22:01:12  picker screen textNodes=19
2026-09-18T22:01:35  hc manage tapped=True
2026-09-18T22:01:39  hc screen textNodes=4
2026-09-18T22:02:07  drive row tapped=False
2026-09-18T22:02:12  drive screen: hasBackupText=True nodes=24
2026-09-18T22:03:38  drive row tapped=False
2026-09-18T22:03:43  drive route screen nodes=8 hasBackupAction=False
2026-09-18T22:04:28  check updates tapped=False
2026-09-18T22:04:39  update status: 
