
> Configure project :app
WARNING: The option setting 'android.overridePathCheck=true' is experimental.
The current default is 'false'.
WARNING: The option setting 'android.disallowKotlinSourceSets=false' is experimental.
The current default is 'true'.

> Task :experience-core:checkKotlinGradlePluginConfigurationErrors SKIPPED
> Task :experience-core:compileKotlin UP-TO-DATE
> Task :experience-core:compileJava NO-SOURCE
> Task :experience-core:processResources NO-SOURCE
> Task :experience-core:classes UP-TO-DATE
> Task :experience-core:jar UP-TO-DATE
> Task :app:preBuild UP-TO-DATE
> Task :app:preDebugBuild UP-TO-DATE
> Task :app:generateDebugResources UP-TO-DATE
> Task :app:packageDebugResources UP-TO-DATE
> Task :app:processDebugNavigationResources UP-TO-DATE
> Task :app:parseDebugLocalResources UP-TO-DATE
> Task :app:generateDebugRFile UP-TO-DATE
> Task :app:kspDebugKotlin UP-TO-DATE
> Task :app:compileDebugKotlin UP-TO-DATE
> Task :app:javaPreCompileDebug UP-TO-DATE
> Task :app:compileDebugJavaWithJavac NO-SOURCE
> Task :app:checkDebugAarMetadata UP-TO-DATE
> Task :app:compileDebugNavigationResources UP-TO-DATE
> Task :app:mapDebugSourceSetPaths UP-TO-DATE
> Task :app:mergeDebugResources UP-TO-DATE
> Task :app:createDebugCompatibleScreenManifests UP-TO-DATE
> Task :app:extractDeepLinksDebug UP-TO-DATE
> Task :app:processDebugMainManifest UP-TO-DATE
> Task :app:processDebugManifest UP-TO-DATE
> Task :app:processDebugManifestForPackage UP-TO-DATE
> Task :app:processDebugResources UP-TO-DATE
> Task :app:bundleDebugClassesToCompileJar UP-TO-DATE
> Task :app:preDebugAndroidTestBuild SKIPPED
> Task :app:generateDebugAndroidTestResources UP-TO-DATE
> Task :app:packageDebugAndroidTestResources UP-TO-DATE
> Task :app:processDebugAndroidTestNavigationResources UP-TO-DATE
> Task :app:parseDebugAndroidTestLocalResources UP-TO-DATE
> Task :app:generateDebugAndroidTestRFile UP-TO-DATE
> Task :app:kspDebugAndroidTestKotlin UP-TO-DATE
> Task :app:compileDebugAndroidTestKotlin UP-TO-DATE
> Task :app:javaPreCompileDebugAndroidTest UP-TO-DATE
> Task :app:compileDebugAndroidTestJavaWithJavac NO-SOURCE
> Task :app:generateDebugAssets UP-TO-DATE
> Task :app:mergeDebugAssets UP-TO-DATE
> Task :app:compressDebugAssets UP-TO-DATE
> Task :app:processDebugJavaRes UP-TO-DATE
> Task :app:mergeDebugJavaResource UP-TO-DATE
> Task :app:checkDebugDuplicateClasses UP-TO-DATE
> Task :app:desugarDebugFileDependencies UP-TO-DATE
> Task :app:mergeExtDexDebug UP-TO-DATE
> Task :app:mergeLibDexDebug UP-TO-DATE
> Task :app:dexBuilderDebug UP-TO-DATE
> Task :app:mergeProjectDexDebug UP-TO-DATE
> Task :app:mergeDebugJniLibFolders UP-TO-DATE
> Task :app:mergeDebugNativeLibs UP-TO-DATE
> Task :app:stripDebugDebugSymbols UP-TO-DATE
> Task :app:validateSigningDebug UP-TO-DATE
> Task :app:writeDebugAppMetadata UP-TO-DATE
> Task :app:writeDebugSigningConfigVersions UP-TO-DATE
> Task :app:packageDebug UP-TO-DATE
> Task :app:createDebugApkListingFileRedirect UP-TO-DATE
> Task :app:generateDebugAndroidTestAssets UP-TO-DATE
> Task :app:mergeDebugAndroidTestAssets UP-TO-DATE
> Task :app:compressDebugAndroidTestAssets UP-TO-DATE
> Task :app:processDebugAndroidTestJavaRes UP-TO-DATE
> Task :app:mergeDebugAndroidTestJavaResource UP-TO-DATE
> Task :app:checkDebugAndroidTestDuplicateClasses UP-TO-DATE
> Task :app:desugarDebugAndroidTestFileDependencies UP-TO-DATE
> Task :app:mergeExtDexDebugAndroidTest UP-TO-DATE
> Task :app:mergeLibDexDebugAndroidTest UP-TO-DATE
> Task :app:checkDebugAndroidTestAarMetadata UP-TO-DATE
> Task :app:compileDebugAndroidTestNavigationResources UP-TO-DATE
> Task :app:mapDebugAndroidTestSourceSetPaths UP-TO-DATE
> Task :app:mergeDebugAndroidTestResources UP-TO-DATE
> Task :app:processDebugAndroidTestManifest UP-TO-DATE
> Task :app:processDebugAndroidTestResources UP-TO-DATE
> Task :app:dexBuilderDebugAndroidTest UP-TO-DATE
> Task :app:mergeProjectDexDebugAndroidTest UP-TO-DATE
> Task :app:mergeDebugAndroidTestJniLibFolders UP-TO-DATE
> Task :app:mergeDebugAndroidTestNativeLibs NO-SOURCE
> Task :app:stripDebugAndroidTestDebugSymbols NO-SOURCE
> Task :app:validateSigningDebugAndroidTest UP-TO-DATE
> Task :app:writeDebugAndroidTestSigningConfigVersions UP-TO-DATE
> Task :app:packageDebugAndroidTest UP-TO-DATE
> Task :app:createDebugAndroidTestApkListingFileRedirect UP-TO-DATE
Starting 386 tests on Pixel_7(AVD) - 15
Pixel_7(AVD) - 15 Tests 5/386 completed. (0 skipped) (0 failed)
> Task :app:connectedDebugAndroidTest

Pixel_7(AVD) - 15 Tests 6/386 completed. (0 skipped) (0 failed)
Pixel_7(AVD) - 15 Tests 32/386 completed. (0 skipped) (0 failed)
Pixel_7(AVD) - 15 Tests 71/386 completed. (0 skipped) (0 failed)

io.github.yingqiu0871.evolune.data.migration.contract.RepairToolOutputMigrationTest > repairedV2CopyMigratesAndProductionRepositoriesReadIt[Pixel_7(AVD) - 15] [33mSKIPPED [0m
Pixel_7(AVD) - 15 Tests 75/386 completed. (1 skipped) (0 failed)
Pixel_7(AVD) - 15 Tests 113/386 completed. (1 skipped) (0 failed)
Pixel_7(AVD) - 15 Tests 135/386 completed. (1 skipped) (0 failed)

io.github.yingqiu0871.evolune.release.V15InPlaceUpgradeDeviceTest > verifyV15State[Pixel_7(AVD) - 15] [33mSKIPPED [0m

io.github.yingqiu0871.evolune.release.V15InPlaceUpgradeDeviceTest > prepareV14State[Pixel_7(AVD) - 15] [33mSKIPPED [0m
Pixel_7(AVD) - 15 Tests 156/386 completed. (3 skipped) (0 failed)
Pixel_7(AVD) - 15 Tests 162/386 completed. (3 skipped) (0 failed)
Pixel_7(AVD) - 15 Tests 169/386 completed. (3 skipped) (0 failed)

io.github.yingqiu0871.evolune.ui.screens.FoldableNavigationLayoutTest > expandedRailAndSharedTopBarKeepStableGeometry[Pixel_7(AVD) - 15] [33mSKIPPED [0m

io.github.yingqiu0871.evolune.ui.screens.FoldableNavigationLayoutTest > topLevelTitleRemainsCenteredThroughoutPageTransition[Pixel_7(AVD) - 15] [33mSKIPPED [0m
Pixel_7(AVD) - 15 Tests 178/386 completed. (5 skipped) (0 failed)
Pixel_7(AVD) - 15 Tests 188/386 completed. (5 skipped) (0 failed)
Pixel_7(AVD) - 15 Tests 195/386 completed. (5 skipped) (0 failed)
Pixel_7(AVD) - 15 Tests 205/386 completed. (5 skipped) (0 failed)
Pixel_7(AVD) - 15 Tests 216/386 completed. (5 skipped) (0 failed)
Pixel_7(AVD) - 15 Tests 224/386 completed. (5 skipped) (0 failed)
Pixel_7(AVD) - 15 Tests 229/386 completed. (5 skipped) (0 failed)
Pixel_7(AVD) - 15 Tests 231/386 completed. (5 skipped) (0 failed)
Pixel_7(AVD) - 15 Tests 235/386 completed. (5 skipped) (0 failed)
Pixel_7(AVD) - 15 Tests 237/386 completed. (5 skipped) (0 failed)
Pixel_7(AVD) - 15 Tests 243/386 completed. (5 skipped) (0 failed)
Pixel_7(AVD) - 15 Tests 244/386 completed. (5 skipped) (0 failed)
Pixel_7(AVD) - 15 Tests 248/386 completed. (5 skipped) (0 failed)
Pixel_7(AVD) - 15 Tests 256/386 completed. (5 skipped) (0 failed)
Pixel_7(AVD) - 15 Tests 260/386 completed. (5 skipped) (0 failed)
Pixel_7(AVD) - 15 Tests 267/386 completed. (5 skipped) (0 failed)
Pixel_7(AVD) - 15 Tests 274/386 completed. (5 skipped) (0 failed)
Pixel_7(AVD) - 15 Tests 284/386 completed. (5 skipped) (0 failed)
Pixel_7(AVD) - 15 Tests 295/386 completed. (5 skipped) (0 failed)
Pixel_7(AVD) - 15 Tests 306/386 completed. (5 skipped) (0 failed)
Pixel_7(AVD) - 15 Tests 317/386 completed. (5 skipped) (0 failed)
Pixel_7(AVD) - 15 Tests 325/386 completed. (5 skipped) (0 failed)
Pixel_7(AVD) - 15 Tests 332/386 completed. (5 skipped) (0 failed)
Pixel_7(AVD) - 15 Tests 341/386 completed. (5 skipped) (0 failed)
Pixel_7(AVD) - 15 Tests 345/386 completed. (5 skipped) (0 failed)
Pixel_7(AVD) - 15 Tests 354/386 completed. (5 skipped) (0 failed)
Pixel_7(AVD) - 15 Tests 364/386 completed. (5 skipped) (0 failed)
Pixel_7(AVD) - 15 Tests 373/386 completed. (5 skipped) (0 failed)
Finished 391 tests on Pixel_7(AVD) - 15

BUILD SUCCESSFUL in 6m 41s
69 actionable tasks: 1 executed, 68 up-to-date
Consider enabling configuration cache to speed up this build: https://docs.gradle.org/9.2.1/userguide/configuration_cache_enabling.html
