
> Configure project :app
WARNING: The option setting 'android.overridePathCheck=true' is experimental.
The current default is 'false'.
WARNING: The option setting 'android.disallowKotlinSourceSets=false' is experimental.
The current default is 'true'.

> Task :experience-core:checkKotlinGradlePluginConfigurationErrors SKIPPED
> Task :experience-core:compileKotlin UP-TO-DATE
> Task :experience-core:compileJava NO-SOURCE
> Task :experience-core:processResources NO-SOURCE
> Task :experience-core:classes UP-TO-DATE
> Task :experience-core:jar UP-TO-DATE
> Task :app:preBuild UP-TO-DATE
> Task :app:preDebugBuild UP-TO-DATE
> Task :app:generateDebugResources UP-TO-DATE
> Task :app:packageDebugResources UP-TO-DATE
> Task :app:processDebugNavigationResources UP-TO-DATE
> Task :app:parseDebugLocalResources UP-TO-DATE
> Task :app:generateDebugRFile UP-TO-DATE
> Task :app:kspDebugKotlin UP-TO-DATE
> Task :app:compileDebugKotlin UP-TO-DATE
> Task :app:javaPreCompileDebug UP-TO-DATE
> Task :app:compileDebugJavaWithJavac NO-SOURCE
> Task :app:checkDebugAarMetadata UP-TO-DATE
> Task :app:compileDebugNavigationResources UP-TO-DATE
> Task :app:mapDebugSourceSetPaths UP-TO-DATE
> Task :app:mergeDebugResources UP-TO-DATE
> Task :app:createDebugCompatibleScreenManifests UP-TO-DATE
> Task :app:extractDeepLinksDebug UP-TO-DATE
> Task :app:processDebugMainManifest UP-TO-DATE
> Task :app:processDebugManifest UP-TO-DATE
> Task :app:processDebugManifestForPackage UP-TO-DATE
> Task :app:processDebugResources UP-TO-DATE
> Task :app:bundleDebugClassesToCompileJar UP-TO-DATE
> Task :app:preDebugAndroidTestBuild SKIPPED
> Task :app:generateDebugAndroidTestResources UP-TO-DATE
> Task :app:packageDebugAndroidTestResources UP-TO-DATE
> Task :app:processDebugAndroidTestNavigationResources UP-TO-DATE
> Task :app:parseDebugAndroidTestLocalResources UP-TO-DATE
> Task :app:generateDebugAndroidTestRFile UP-TO-DATE
> Task :app:kspDebugAndroidTestKotlin UP-TO-DATE
> Task :app:compileDebugAndroidTestKotlin UP-TO-DATE
> Task :app:javaPreCompileDebugAndroidTest UP-TO-DATE
> Task :app:compileDebugAndroidTestJavaWithJavac NO-SOURCE
> Task :app:generateDebugAssets UP-TO-DATE
> Task :app:mergeDebugAssets UP-TO-DATE
> Task :app:compressDebugAssets UP-TO-DATE
> Task :app:processDebugJavaRes UP-TO-DATE
> Task :app:mergeDebugJavaResource UP-TO-DATE
> Task :app:checkDebugDuplicateClasses UP-TO-DATE
> Task :app:desugarDebugFileDependencies UP-TO-DATE
> Task :app:mergeExtDexDebug UP-TO-DATE
> Task :app:mergeLibDexDebug UP-TO-DATE
> Task :app:dexBuilderDebug UP-TO-DATE
> Task :app:mergeProjectDexDebug UP-TO-DATE
> Task :app:mergeDebugJniLibFolders UP-TO-DATE
> Task :app:mergeDebugNativeLibs UP-TO-DATE
> Task :app:stripDebugDebugSymbols UP-TO-DATE
> Task :app:validateSigningDebug UP-TO-DATE
> Task :app:writeDebugAppMetadata UP-TO-DATE
> Task :app:writeDebugSigningConfigVersions UP-TO-DATE
> Task :app:packageDebug UP-TO-DATE
> Task :app:createDebugApkListingFileRedirect UP-TO-DATE
> Task :app:generateDebugAndroidTestAssets UP-TO-DATE
> Task :app:mergeDebugAndroidTestAssets UP-TO-DATE
> Task :app:compressDebugAndroidTestAssets UP-TO-DATE
> Task :app:processDebugAndroidTestJavaRes UP-TO-DATE
> Task :app:mergeDebugAndroidTestJavaResource UP-TO-DATE
> Task :app:checkDebugAndroidTestDuplicateClasses UP-TO-DATE
> Task :app:desugarDebugAndroidTestFileDependencies UP-TO-DATE
> Task :app:mergeExtDexDebugAndroidTest UP-TO-DATE
> Task :app:mergeLibDexDebugAndroidTest UP-TO-DATE
> Task :app:checkDebugAndroidTestAarMetadata UP-TO-DATE
> Task :app:compileDebugAndroidTestNavigationResources UP-TO-DATE
> Task :app:mapDebugAndroidTestSourceSetPaths UP-TO-DATE
> Task :app:mergeDebugAndroidTestResources UP-TO-DATE
> Task :app:processDebugAndroidTestManifest UP-TO-DATE
> Task :app:processDebugAndroidTestResources UP-TO-DATE
> Task :app:dexBuilderDebugAndroidTest UP-TO-DATE
> Task :app:mergeProjectDexDebugAndroidTest UP-TO-DATE
> Task :app:mergeDebugAndroidTestJniLibFolders UP-TO-DATE
> Task :app:mergeDebugAndroidTestNativeLibs NO-SOURCE
> Task :app:stripDebugAndroidTestDebugSymbols NO-SOURCE
> Task :app:validateSigningDebugAndroidTest UP-TO-DATE
> Task :app:writeDebugAndroidTestSigningConfigVersions UP-TO-DATE
> Task :app:packageDebugAndroidTest UP-TO-DATE
> Task :app:createDebugAndroidTestApkListingFileRedirect UP-TO-DATE
Starting 277 tests on Pixel_7(AVD) - 15
Pixel_7(AVD) - 15 Tests 5/277 completed. (0 skipped) (0 failed)
Pixel_7(AVD) - 15 Tests 6/277 completed. (0 skipped) (0 failed)
> Task :app:connectedDebugAndroidTest

Pixel_7(AVD) - 15 Tests 27/277 completed. (0 skipped) (0 failed)
Pixel_7(AVD) - 15 Tests 61/277 completed. (0 skipped) (0 failed)

io.github.yingqiu0871.evolune.data.migration.contract.RepairToolOutputMigrationTest > repairedV2CopyMigratesAndProductionRepositoriesReadIt[Pixel_7(AVD) - 15] [33mSKIPPED [0m
Pixel_7(AVD) - 15 Tests 66/277 completed. (1 skipped) (0 failed)
Pixel_7(AVD) - 15 Tests 116/277 completed. (1 skipped) (0 failed)
Pixel_7(AVD) - 15 Tests 125/277 completed. (1 skipped) (0 failed)

io.github.yingqiu0871.evolune.release.V15InPlaceUpgradeDeviceTest > verifyV15State[Pixel_7(AVD) - 15] [33mSKIPPED [0m

io.github.yingqiu0871.evolune.release.V15InPlaceUpgradeDeviceTest > prepareV14State[Pixel_7(AVD) - 15] [33mSKIPPED [0m
Pixel_7(AVD) - 15 Tests 145/277 completed. (3 skipped) (0 failed)
Pixel_7(AVD) - 15 Tests 153/277 completed. (3 skipped) (0 failed)

io.github.yingqiu0871.evolune.ui.screens.FoldableNavigationLayoutTest > expandedRailAndSharedTopBarKeepStableGeometry[Pixel_7(AVD) - 15] [33mSKIPPED [0m

io.github.yingqiu0871.evolune.ui.screens.FoldableNavigationLayoutTest > topLevelTitleRemainsCenteredThroughoutPageTransition[Pixel_7(AVD) - 15] [33mSKIPPED [0m
Pixel_7(AVD) - 15 Tests 162/277 completed. (5 skipped) (0 failed)
Pixel_7(AVD) - 15 Tests 171/277 completed. (5 skipped) (0 failed)
Pixel_7(AVD) - 15 Tests 179/277 completed. (5 skipped) (0 failed)
Pixel_7(AVD) - 15 Tests 189/277 completed. (5 skipped) (0 failed)
Pixel_7(AVD) - 15 Tests 199/277 completed. (5 skipped) (0 failed)
Pixel_7(AVD) - 15 Tests 207/277 completed. (5 skipped) (0 failed)
Pixel_7(AVD) - 15 Tests 210/277 completed. (5 skipped) (0 failed)
Pixel_7(AVD) - 15 Tests 215/277 completed. (5 skipped) (0 failed)
Pixel_7(AVD) - 15 Tests 217/277 completed. (5 skipped) (0 failed)
Pixel_7(AVD) - 15 Tests 220/277 completed. (5 skipped) (0 failed)
Pixel_7(AVD) - 15 Tests 224/277 completed. (5 skipped) (0 failed)
Pixel_7(AVD) - 15 Tests 226/277 completed. (5 skipped) (0 failed)
Pixel_7(AVD) - 15 Tests 233/277 completed. (5 skipped) (0 failed)
Pixel_7(AVD) - 15 Tests 240/277 completed. (5 skipped) (0 failed)
Pixel_7(AVD) - 15 Tests 248/277 completed. (5 skipped) (0 failed)
Pixel_7(AVD) - 15 Tests 258/277 completed. (5 skipped) (0 failed)
Pixel_7(AVD) - 15 Tests 264/277 completed. (5 skipped) (0 failed)
Finished 282 tests on Pixel_7(AVD) - 15

BUILD SUCCESSFUL in 4m 35s
69 actionable tasks: 1 executed, 68 up-to-date
Consider enabling configuration cache to speed up this build: https://docs.gradle.org/9.2.1/userguide/configuration_cache_enabling.html
FULLPHONE_EXIT=0
