INFO         | Android emulator version 37.1.11.0 (build_id 15917651) (CL:N/A)
INFO         | Graphics backend: gfxstream
INFO         | Found systemPath C:\Users\1\AppData\Local\Android\Sdk\system-images\android-37.0\android-wear-signed\x86_64\
INFO         | Guest usage of host flag 'VulkanVirtualQueue' will be ignored.
INFO         | Increasing RAM size to 2048MB
INFO         | IPv4 server found: 192.168.31.1
INFO         | Ignore IPv6 address: 6057:c6b4:202:0:6057:c6b4:202:0
INFO         | Ignore IPv6 address: 6057:c6b4:202:0:6057:c6b4:202:0
INFO         | Ignore IPv6 address: 6057:c6b4:202:0:6057:c6b4:202:0
INFO         | Ignore IPv6 address: a862:c6b4:202:0:6057:c6b4:202:0
INFO         | Ignore IPv6 address: a862:c6b4:202:0:6057:c6b4:202:0
INFO         | Ignore IPv6 address: a862:c6b4:202:0:6057:c6b4:202:0
INFO         | Ignore IPv6 address: 906a:c6b4:202:0:6057:c6b4:202:0
INFO         | Ignore IPv6 address: 906a:c6b4:202:0:6057:c6b4:202:0
INFO         | Ignore IPv6 address: 906a:c6b4:202:0:6057:c6b4:202:0
INFO         | Ignore IPv6 address: d870:c6b4:202:0:6057:c6b4:202:0
INFO         | Ignore IPv6 address: d870:c6b4:202:0:6057:c6b4:202:0
INFO         | Ignore IPv6 address: d870:c6b4:202:0:6057:c6b4:202:0
INFO         | Ignore IPv6 address: 2077:c6b4:202:0:6057:c6b4:202:0
INFO         | Ignore IPv6 address: 2077:c6b4:202:0:6057:c6b4:202:0
INFO         | Ignore IPv6 address: 2077:c6b4:202:0:6057:c6b4:202:0
INFO         | Ignore IPv6 address: 2085:c6b4:202:0:6057:c6b4:202:0
INFO         | Ignore IPv6 address: 2085:c6b4:202:0:6057:c6b4:202:0
INFO         | Ignore IPv6 address: 2085:c6b4:202:0:6057:c6b4:202:0
INFO         | Ignore IPv6 address: 208b:c6b4:202:0:6057:c6b4:202:0
INFO         | Ignore IPv6 address: 208b:c6b4:202:0:6057:c6b4:202:0
INFO         | Ignore IPv6 address: 208b:c6b4:202:0:6057:c6b4:202:0
INFO         | Guest GLES Driver: Auto (ext controls)
INFO         | emuglConfig_init: vulkan_mode_selected:swiftshader gles_mode_selected:swiftshader
INFO         | Checking system compatibility:
INFO         |   Checking: hasCompatibleHypervisor
INFO         |      Ok: Hypervisor compatibility to run avd: `Wear_OS_Large_Round` are met
INFO         |   Checking: hasSufficientSystem
INFO         |      Ok: System requirements to run avd: `Wear_OS_Large_Round` are met
INFO         |   Checking: hasSufficientHwGpu
INFO         |      Ok: Hardware GPU compatibility checks are not required
INFO         |   Checking: hasSufficientDiskSpace
INFO         |      Ok: Disk space requirements to run avd: `Wear_OS_Large_Round` are met
INFO         | Critical: Failed to load opengl32sw (找不到指定的模块。) (:0, )
INFO         | Warning: Software OpenGL failed. Falling back to system OpenGL. (:0, )
INFO         | Storing crashdata in: C:\Users\1\AppData\Local\Temp\\AndroidEmulator\emu-crash-37.1.11.db, detection is enabled for process: 11120
INFO         | Initializing gfxstream backend
INFO         | startOpenglesRendererImpl: gpu info
INFO         | GPU #1
  Make: 1002
  Model: AMD Radeon RX 9070
  Device ID: 7550

INFO         | Vulkan 1.4 is not supported for the guest and won't be enabled
INFO         | Disabling implicit Vulkan layers to avoid compatibility issues. Set VK_LOADER_LAYERS_DISABLE manually to disable this behavior.
INFO         | initIcdPaths: ICD set to 'swiftshader', using Swiftshader ICD
INFO         | Setting ICD filenames for the loader = C:\Users\1\AppData\Local\Android\Sdk\emulator\lib64\vulkan\vk_swiftshader_icd.json
INFO         | SharedLibrary::open for [C:\Users\1\AppData\Local\Android\Sdk\emulator\qemu\windows-x86_64\lib64\vulkan\vulkan-1.dll]
INFO         | SharedLibrary::open for [C:\Users\1\AppData\Local\Android\Sdk\emulator\lib64\vulkan\vulkan-1.dll]
INFO         | Added library: C:\Users\1\AppData\Local\Android\Sdk\emulator\lib64\vulkan\vulkan-1.dll
INFO         | Selecting Vulkan device: SwiftShader Device (LLVM 10.0.0), Version: 1.2.0
INFO         | Using Vulkan externalMemoryMode: HostAllocation for VkEmulation
INFO         | Initializing VkEmulation features:
INFO         |     glInteropSupported: false
INFO         |     useDeferredCommands: true
INFO         |     createResourceWithRequirements: true
INFO         |     useVulkanComposition: false
INFO         |     useVulkanNativeSwapchain: false
INFO         |     enable guestRenderDoc: false
INFO         |     ASTC LDR emulation mode: Gpu
INFO         |     enable ETC2 emulation: true
INFO         |     enable Ycbcr emulation: false
INFO         |     guestVulkanOnly: false
INFO         |     useDedicatedAllocations: false
INFO         |     guestVulkanMaxApiVersion: 1.3.0
INFO         |     enableProtectedMemoryEmulation: false
INFO         | Graphics Adapter Vendor Google (Google Inc.)
INFO         | Graphics Adapter Android Emulator OpenGL ES Translator (Google SwiftShader)
INFO         | Graphics API Version OpenGL ES 3.0 (OpenGL ES 3.0 SwiftShader 4.0.0.1)
INFO         | Graphics API Extensions GL_OES_EGL_sync GL_OES_EGL_image GL_OES_EGL_image_external GL_OES_depth24 GL_OES_depth32 GL_OES_element_index_uint GL_OES_texture_float GL_OES_texture_float_linear GL_OES_compressed_paletted_texture GL_OES_compressed_ETC1_RGB8_texture GL_OES_depth_texture GL_OES_texture_half_float GL_OES_texture_half_float_linear GL_OES_packed_depth_stencil GL_OES_vertex_half_float GL_OES_standard_derivatives GL_OES_texture_npot GL_OES_rgb8_rgba8 GL_EXT_color_buffer_float GL_EXT_color_buffer_half_float GL_EXT_texture_format_BGRA8888 GL_APPLE_texture_format_BGRA8888 
INFO         | Graphics Device Extensions N/A
INFO         | Disabling sparse binding feature support
INFO         | Sending adb public key [QAAAAJUiA3xDZzS6Ng2+/GNW0LBQIRslnG3MHewr7pPCDr/1sylDa9fTeeris+BPwcKG2Z65bUHyUTKwFFaw2c8JDMj9tiT/g4sQr3O8qtU0FeyMlYFS1PMNMBhGXG5VRF8ByQZkLmed+RfYZHEDSDzpgZ+Bzv+rwjj2KvVn0b5/DbWTvut6pYrtr1UDn01p/X4gQpD3xay9raF2GLGoibCyZ3RaTlzd6EgFV35ReL34+0OmzcFX4eUQQ8HW5BD/EhKJ79liqy5YYnCNHH1vfFUR+BuI/Zp5/rQ9AmBJZKgyRcGzJ+CdughAnfVCXU9KcAkW+LcZl8hXgqJ143j4wHl2MMUxHey8HezGUlcNrzIer+CCS9jnoJAZ7g85EW4ybwvFzciSXOGA826b6XcbmMfxzvLvK0V8JUiWhxiskmVGQbA9q408ma1JDEEbPCRTqpDyG5lxm6uL05uQMSk/VyziFfUHqTlVLiN/wO93OSNtCCUPkgGyl9FNM/VX0a9igU1b+LsGMt+upDyjRZHiPHrn9YBEA6OA8lNLmjkKZuJFK18vqjGo+x+lrIY7L2cPufwetBrC0i5BDRhVHHJyK2ZaHCGOhglcMxrh62ZcNagBZRkSLFg3tQrdbdX0nl9oRG7zkxVPXTWZ8sDii6OrkI4kT4NuwXHTwFMt8dqhAy7E5ui3EVyMGwEAAQA= @unknown]
INFO         | Userspace boot properties:
INFO         |   androidboot.boot_devices=pci0000:00/0000:00:03.0 pci0000:00/0000:00:06.0
INFO         |   androidboot.dalvik.vm.heapsize=512m
INFO         |   androidboot.debug.hwui.renderer=skiagl
INFO         |   androidboot.debug.sf.nobootanimation=1
INFO         |   androidboot.emulator.circular=1
INFO         |   androidboot.hardware=ranchu
INFO         |   androidboot.hardware.gltransport=pipe
INFO         |   androidboot.hardware.vulkan=ranchu
INFO         |   androidboot.logcat=*:V
INFO         |   androidboot.opengles.version=196608
INFO         |   androidboot.qemu=1
INFO         |   androidboot.qemu.adb.pubkey=QAAAAJUiA3xDZzS6Ng2+/GNW0LBQIRslnG3MHewr7pPCDr/1sylDa9fTeeris+BPwcKG2Z65bUHyUTKwFFaw2c8JDMj9tiT/g4sQr3O8qtU0FeyMlYFS1PMNMBhGXG5VRF8ByQZkLmed+RfYZHEDSDzpgZ+Bzv+rwjj2KvVn0b5/DbWTvut6pYrtr1UDn01p/X4gQpD3xay9raF2GLGoibCyZ3RaTlzd6EgFV35ReL34+0OmzcFX4eUQQ8HW5BD/EhKJ79liqy5YYnCNHH1vfFUR+BuI/Zp5/rQ9AmBJZKgyRcGzJ+CdughAnfVCXU9KcAkW+LcZl8hXgqJ143j4wHl2MMUxHey8HezGUlcNrzIer+CCS9jnoJAZ7g85EW4ybwvFzciSXOGA826b6XcbmMfxzvLvK0V8JUiWhxiskmVGQbA9q408ma1JDEEbPCRTqpDyG5lxm6uL05uQMSk/VyziFfUHqTlVLiN/wO93OSNtCCUPkgGyl9FNM/VX0a9igU1b+LsGMt+upDyjRZHiPHrn9YBEA6OA8lNLmjkKZuJFK18vqjGo+x+lrIY7L2cPufwetBrC0i5BDRhVHHJyK2ZaHCGOhglcMxrh62ZcNagBZRkSLFg3tQrdbdX0nl9oRG7zkxVPXTWZ8sDii6OrkI4kT4NuwXHTwFMt8dqhAy7E5ui3EVyMGwEAAQA= @unknown
INFO         |   androidboot.qemu.avd_name=Wear_OS_Large_Round
INFO         |   androidboot.qemu.camera_hq_edge_processing=0
INFO         |   androidboot.qemu.camera_protocol_ver=1
INFO         |   androidboot.qemu.cpuvulkan.version=4210688
INFO         |   androidboot.qemu.gltransport.drawFlushInterval=800
INFO         |   androidboot.qemu.gltransport.name=pipe
INFO         |   androidboot.qemu.hwcodec.avcdec=2
INFO         |   androidboot.qemu.hwcodec.hevcdec=2
INFO         |   androidboot.qemu.hwcodec.vpxdec=2
INFO         |   androidboot.qemu.settings.system.screen_off_timeout=2147483647
INFO         |   androidboot.qemu.skin=wearos_large_round
INFO         |   androidboot.qemu.virtiowifi=1
INFO         |   androidboot.qemu.vsync=60
INFO         |   androidboot.serialno=EMULATOR37X1X11X0
INFO         |   androidboot.vbmeta.digest=335b4f0ccfd5d234233a2bd0b93149755f15b93360841d369bbec518f84620a8
INFO         |   androidboot.vbmeta.hash_alg=sha256
INFO         |   androidboot.vbmeta.size=6720
INFO         |   androidboot.veritymode=enforcing
WHPX on Windows 10.0.26200 detected.
Windows Hypervisor Platform accelerator is operational
netsimd I 09-13 13:35:48.932 external/netsim+/rust/daemon/src\rust_main.rs:93 - netsim artifacts path: "C:\\Users\\1\\AppData\\Local\\Temp\\netsimd"
netsimd I 09-13 13:35:48.932 external/netsim+/rust/daemon/src\rust_main.rs:96 - NetsimdArgs {
    fd_startup_str: None,
    no_cli_ui: true,
    no_web_ui: true,
    pcap: false,
    disable_address_reuse: false,
    hci_port: None,
    connector_instance: None,
    instance: None,
    logtostderr: false,
    dev: false,
    forward_host_mdns: false,
    vsock: None,
    config: None,
    host_dns: Some(
        "192.168.31.1",
    ),
    http_proxy: None,
    wifi_tap: None,
    wifi: None,
    test_beacons: false,
    no_test_beacons: false,
    no_shutdown: false,
    verbose: false,
    version: false,
    debug: DebugArgs {
        debug_no_traffic: false,
        debug_no_network: false,
        debug_no_wmedium: false,
        debug_no_mdns_wmedium: false,
        debug_no_guest_to_host_mdns: false,
    },
    rssi: None,
}
INFO         | Monitoring duration of emulator setup.
WARNING      | The emulator now requires a signed jwt token for gRPC access! Use the -grpc flag if you really want an open unprotected grpc port
INFO         | Using security allow list from: C:\Users\1\AppData\Local\Android\Sdk\emulator\lib\emulator_access.json
INFO         | The active JSON Web Key Sets can be found here: C:\Users\1\AppData\Local\Temp\avd\running\11120\jwks\a3b90cde-fb8d-459a-8bc4-7a20fd85e07e\active.jwk
INFO         | Scanning C:\Users\1\AppData\Local\Temp\avd\running\11120\jwks\a3b90cde-fb8d-459a-8bc4-7a20fd85e07e for jwk keys.
INFO         | Started GRPC server at 127.0.0.1:8554, security: Local, auth: +token
INFO         | Advertising in: C:\Users\1\AppData\Local\Temp\avd\running\pid_11120.ini
INFO         | Activated packet streamer for uwb emulation
INFO         | Activated packet streamer for bluetooth emulation
INFO         | Successfully initialized netsim WiFi
INFO         | Setting display: 0 configuration to: 454x454, dpi: 320x320 
INFO         | setDisplayActiveConfig: id:0, 454x454
INFO         | Checking system compatibility:
INFO         |   Checking: hasCompatibleHypervisor
INFO         |      Ok: Hypervisor compatibility to run avd: `Wear_OS_Large_Round` are met
INFO         |   Checking: hasSufficientSystem
INFO         |      Ok: System requirements to run avd: `Wear_OS_Large_Round` are met
INFO         |   Checking: hasSufficientHwGpu
INFO         |      Ok: Hardware GPU compatibility checks are not required
INFO         |   Checking: hasSufficientDiskSpace
INFO         |      Ok: Disk space requirements to run avd: `Wear_OS_Large_Round` are met
INFO         | emulatorSetupEnvironment: Environment scene is not required
INFO         | Loading snapshot 'default_boot'...
WARNING      | Error -1 from the snapshot callback

WARNING      | Failed to load snapshot 'default_boot'
INFO         | Warning: QMetaObject::connectSlotsByName: No matching signal for on_rgbcSensorValueWidget_valueChanged() (:0, )
INFO         | Warning: QMetaObject::connectSlotsByName: No matching signal for on_posture_valueChanged(int) (:0, )
INFO         | TouchpadHolder: registering via hw_xr_led agent for instance=0000020280DC80F0
INFO         | Warning: QObject::connect: Cannot queue arguments of type 'std::vector<android::emulation::control::SnapshotInfo>'
(Make sure 'std::vector<android::emulation::control::SnapshotInfo>' is registered using qRegisterMetaType().) (:0, )
INFO         | AVD supportsNativeGLES=1, supportsGuestAngle=1
INFO         | Guest Angle is still unstable for API > 35.
INFO         | Created extended window in 212.428ms
INFO         | Boot completed in 25399 ms
INFO         | Increasing screen off timeout, logcat buffer size to 2M.
INFO         | IPv4 server found: 192.168.31.1
INFO         | Ignore IPv6 address: 40c0:488a:202:0:40c0:488a:202:0
INFO         | Ignore IPv6 address: 40c0:488a:202:0:40c0:488a:202:0
INFO         | Ignore IPv6 address: 40c0:488a:202:0:40c0:488a:202:0
INFO         | Ignore IPv6 address: 88cb:488a:202:0:40c0:488a:202:0
INFO         | Ignore IPv6 address: 88cb:488a:202:0:40c0:488a:202:0
INFO         | Ignore IPv6 address: 88cb:488a:202:0:40c0:488a:202:0
INFO         | Ignore IPv6 address: 70d3:488a:202:0:40c0:488a:202:0
INFO         | Ignore IPv6 address: 70d3:488a:202:0:40c0:488a:202:0
INFO         | Ignore IPv6 address: 70d3:488a:202:0:40c0:488a:202:0
INFO         | Ignore IPv6 address: b8d9:488a:202:0:40c0:488a:202:0
INFO         | Ignore IPv6 address: b8d9:488a:202:0:40c0:488a:202:0
INFO         | Ignore IPv6 address: b8d9:488a:202:0:40c0:488a:202:0
INFO         | Ignore IPv6 address: e0:488a:202:0:40c0:488a:202:0
INFO         | Ignore IPv6 address: e0:488a:202:0:40c0:488a:202:0
INFO         | Ignore IPv6 address: e0:488a:202:0:40c0:488a:202:0
INFO         | Ignore IPv6 address: ee:488a:202:0:40c0:488a:202:0
INFO         | Ignore IPv6 address: ee:488a:202:0:40c0:488a:202:0
INFO         | Ignore IPv6 address: ee:488a:202:0:40c0:488a:202:0
INFO         | Ignore IPv6 address: f4:488a:202:0:40c0:488a:202:0
INFO         | Ignore IPv6 address: f4:488a:202:0:40c0:488a:202:0
INFO         | Ignore IPv6 address: f4:488a:202:0:40c0:488a:202:0
INFO         | IPv4 server found: 192.168.31.1
INFO         | Ignore IPv6 address: 40c0:488a:202:0:40c0:488a:202:0
INFO         | Ignore IPv6 address: 40c0:488a:202:0:40c0:488a:202:0
INFO         | Ignore IPv6 address: 40c0:488a:202:0:40c0:488a:202:0
INFO         | Ignore IPv6 address: 88cb:488a:202:0:40c0:488a:202:0
INFO         | Ignore IPv6 address: 88cb:488a:202:0:40c0:488a:202:0
INFO         | Ignore IPv6 address: 88cb:488a:202:0:40c0:488a:202:0
INFO         | Ignore IPv6 address: 70d3:488a:202:0:40c0:488a:202:0
INFO         | Ignore IPv6 address: 70d3:488a:202:0:40c0:488a:202:0
INFO         | Ignore IPv6 address: 70d3:488a:202:0:40c0:488a:202:0
INFO         | Ignore IPv6 address: b8d9:488a:202:0:40c0:488a:202:0
INFO         | Ignore IPv6 address: b8d9:488a:202:0:40c0:488a:202:0
INFO         | Ignore IPv6 address: b8d9:488a:202:0:40c0:488a:202:0
INFO         | Ignore IPv6 address: e0:488a:202:0:40c0:488a:202:0
INFO         | Ignore IPv6 address: e0:488a:202:0:40c0:488a:202:0
INFO         | Ignore IPv6 address: e0:488a:202:0:40c0:488a:202:0
INFO         | Ignore IPv6 address: ee:488a:202:0:40c0:488a:202:0
INFO         | Ignore IPv6 address: ee:488a:202:0:40c0:488a:202:0
INFO         | Ignore IPv6 address: ee:488a:202:0:40c0:488a:202:0
INFO         | Ignore IPv6 address: f4:488a:202:0:40c0:488a:202:0
INFO         | Ignore IPv6 address: f4:488a:202:0:40c0:488a:202:0
INFO         | Ignore IPv6 address: f4:488a:202:0:40c0:488a:202:0
INFO         | IPv4 server found: 192.168.31.1
INFO         | Ignore IPv6 address: 40c0:488a:202:0:40c0:488a:202:0
INFO         | Ignore IPv6 address: 40c0:488a:202:0:40c0:488a:202:0
INFO         | Ignore IPv6 address: 40c0:488a:202:0:40c0:488a:202:0
INFO         | Ignore IPv6 address: 88cb:488a:202:0:40c0:488a:202:0
INFO         | Ignore IPv6 address: 88cb:488a:202:0:40c0:488a:202:0
INFO         | Ignore IPv6 address: 88cb:488a:202:0:40c0:488a:202:0
INFO         | Ignore IPv6 address: 70d3:488a:202:0:40c0:488a:202:0
INFO         | Ignore IPv6 address: 70d3:488a:202:0:40c0:488a:202:0
INFO         | Ignore IPv6 address: 70d3:488a:202:0:40c0:488a:202:0
INFO         | Ignore IPv6 address: b8d9:488a:202:0:40c0:488a:202:0
INFO         | Ignore IPv6 address: b8d9:488a:202:0:40c0:488a:202:0
INFO         | Ignore IPv6 address: b8d9:488a:202:0:40c0:488a:202:0
INFO         | Ignore IPv6 address: e0:488a:202:0:40c0:488a:202:0
INFO         | Ignore IPv6 address: e0:488a:202:0:40c0:488a:202:0
INFO         | Ignore IPv6 address: e0:488a:202:0:40c0:488a:202:0
INFO         | Ignore IPv6 address: ee:488a:202:0:40c0:488a:202:0
INFO         | Ignore IPv6 address: ee:488a:202:0:40c0:488a:202:0
INFO         | Ignore IPv6 address: ee:488a:202:0:40c0:488a:202:0
INFO         | Ignore IPv6 address: f4:488a:202:0:40c0:488a:202:0
INFO         | Ignore IPv6 address: f4:488a:202:0:40c0:488a:202:0
INFO         | Ignore IPv6 address: f4:488a:202:0:40c0:488a:202:0
INFO         | ColorBufferGl::readPixels NOT supported for tex(internal:0x8d62 fmt:0x1907 type:0x8363) read(fmt:0x1907 type:0x8363) error: 0x502
WARNING      | Not saving state: RAM not mapped as shared
INFO         | Wait for emulator (pid 11120) 20 seconds to shutdown gracefully before kill;you can set environment variable ANDROID_EMULATOR_WAIT_TIME_BEFORE_KILL(in seconds) to change the default value (20 seconds)

INFO         | Saving snapshot 'default_boot' using 11 ms
INFO         | Wait for emulator (pid 11120) 20 seconds to shutdown gracefully before kill;you can set environment variable ANDROID_EMULATOR_WAIT_TIME_BEFORE_KILL(in seconds) to change the default value (20 seconds)

INFO         | removeAll
WARNING      | Netsim Wifi dns:///localhost:59306 is gone due to CANCELLED
