
> Configure project :app
WARNING: The option setting 'android.overridePathCheck=true' is experimental.
The current default is 'false'.
WARNING: The option setting 'android.disallowKotlinSourceSets=false' is experimental.
The current default is 'true'.

> Task :experience-core:checkKotlinGradlePluginConfigurationErrors SKIPPED
> Task :experience-core:processResources NO-SOURCE
> Task :app:preBuild UP-TO-DATE
> Task :app:preDebugBuild UP-TO-DATE
> Task :app:generateDebugResources
> Task :app:packageDebugResources
> Task :app:processDebugNavigationResources
> Task :app:parseDebugLocalResources
> Task :app:generateDebugRFile
> Task :app:javaPreCompileDebug
> Task :app:compileDebugNavigationResources
> Task :app:checkDebugAarMetadata
> Task :app:mapDebugSourceSetPaths
> Task :experience-core:compileKotlin
> Task :experience-core:compileJava NO-SOURCE
> Task :experience-core:classes UP-TO-DATE
> Task :experience-core:jar
> Task :app:mergeDebugResources
> Task :app:createDebugCompatibleScreenManifests
> Task :app:extractDeepLinksDebug
> Task :app:processDebugMainManifest
> Task :app:processDebugManifest
> Task :app:preDebugUnitTestBuild UP-TO-DATE
> Task :app:javaPreCompileDebugUnitTest
> Task :experience-core:processTestResources NO-SOURCE
> Task :wear:preBuild UP-TO-DATE
> Task :wear:preDebugBuild UP-TO-DATE
> Task :wear:generateDebugResources
> Task :wear:packageDebugResources
> Task :wear:processDebugNavigationResources
> Task :wear:javaPreCompileDebug
> Task :wear:compileDebugNavigationResources
> Task :wear:parseDebugLocalResources
> Task :wear:checkDebugAarMetadata
> Task :wear:mapDebugSourceSetPaths
> Task :wear:generateDebugRFile
> Task :experience-core:compileTestKotlin
> Task :experience-core:compileTestJava NO-SOURCE
> Task :experience-core:testClasses UP-TO-DATE
> Task :wear:mergeDebugResources
> Task :experience-core:test
> Task :wear:createDebugCompatibleScreenManifests
> Task :wear:extractDeepLinksDebug
> Task :wear:processDebugMainManifest
> Task :wear:processDebugManifest
> Task :wear:preDebugUnitTestBuild UP-TO-DATE
> Task :wear:javaPreCompileDebugUnitTest
> Task :app:processDebugManifestForPackage
> Task :wear:processDebugManifestForPackage
> Task :app:kspDebugKotlin
> Task :app:processDebugResources
> Task :wear:processDebugResources

> Task :wear:compileDebugKotlin
w: file:///D:/Evolune-Workspace/worktrees/Evolune-v1.7/wear/src/main/java/io/github/yingqiu0871/evolune/wear/DoseTileService.kt:109:57 'constructor(): LayoutElementBuilders.Image.Builder' is deprecated. Deprecated in Java.
w: file:///D:/Evolune-Workspace/worktrees/Evolune-v1.7/wear/src/main/java/io/github/yingqiu0871/evolune/wear/DoseTileService.kt:110:34 'fun setResourceId(p0: String): LayoutElementBuilders.Image.Builder' is deprecated. Deprecated in Java.
w: file:///D:/Evolune-Workspace/worktrees/Evolune-v1.7/wear/src/main/java/io/github/yingqiu0871/evolune/wear/WearAppActivity.kt:326:16 'var statusBarColor: Int' is deprecated. Deprecated in Java.
w: file:///D:/Evolune-Workspace/worktrees/Evolune-v1.7/wear/src/main/java/io/github/yingqiu0871/evolune/wear/WearAppActivity.kt:327:16 'var navigationBarColor: Int' is deprecated. Deprecated in Java.

> Task :wear:compileDebugJavaWithJavac NO-SOURCE
> Task :wear:processDebugJavaRes
> Task :wear:bundleDebugClassesToRuntimeJar
> Task :wear:bundleDebugClassesToCompileJar
> Task :wear:compileDebugUnitTestKotlin
> Task :wear:compileDebugUnitTestJavaWithJavac NO-SOURCE
> Task :wear:processDebugUnitTestJavaRes
> Task :wear:testDebugUnitTest
> Task :wear:test

> Task :app:compileDebugKotlin
w: file:///D:/Evolune-Workspace/worktrees/Evolune-v1.7/app/src/main/java/io/github/yingqiu0871/evolune/navigation/AppNavigation.kt:1062:56 'val Icons.Filled.ArrowBack: ImageVector' is deprecated. Use the AutoMirrored version at Icons.AutoMirrored.Filled.ArrowBack.
w: file:///D:/Evolune-Workspace/worktrees/Evolune-v1.7/app/src/main/java/io/github/yingqiu0871/evolune/navigation/AppNavigation.kt:1116:37 'val Icons.Filled.List: ImageVector' is deprecated. Use the AutoMirrored version at Icons.AutoMirrored.Filled.List.
w: file:///D:/Evolune-Workspace/worktrees/Evolune-v1.7/app/src/main/java/io/github/yingqiu0871/evolune/navigation/AppNavigation.kt:1117:41 'val Icons.Outlined.List: ImageVector' is deprecated. Use the AutoMirrored version at Icons.AutoMirrored.Outlined.List.
w: file:///D:/Evolune-Workspace/worktrees/Evolune-v1.7/app/src/main/java/io/github/yingqiu0871/evolune/ui/components/MedicationRecordBottomSheet.kt:932:9 'fun ButtonGroup(modifier: Modifier = ..., expandedRatio: Float = ..., horizontalArrangement: Arrangement.Horizontal = ..., content: ComposableFunction1<ButtonGroupScope, Unit>): Unit' is deprecated. Please use the overload with overflowIndicator parameter. This overload will create a composable that is cut off if there are too many items to fit on the screen neatly.
w: file:///D:/Evolune-Workspace/worktrees/Evolune-v1.7/app/src/main/java/io/github/yingqiu0871/evolune/ui/screens/insights/InsightsPresentation.kt:31:27 This annotation is currently applied to the value parameter only, but in the future it will also be applied to field.
- To opt in to applying to both value parameter and field, add '-Xannotation-default-target=param-property' to your compiler arguments.
- To keep applying to the value parameter only, use the '@param:' annotation target.

See https://youtrack.jetbrains.com/issue/KT-73255 for more details.
w: file:///D:/Evolune-Workspace/worktrees/Evolune-v1.7/app/src/main/java/io/github/yingqiu0871/evolune/ui/screens/insights/InsightsPresentation.kt:43:62 This annotation is currently applied to the value parameter only, but in the future it will also be applied to field.
- To opt in to applying to both value parameter and field, add '-Xannotation-default-target=param-property' to your compiler arguments.
- To keep applying to the value parameter only, use the '@param:' annotation target.

See https://youtrack.jetbrains.com/issue/KT-73255 for more details.
w: file:///D:/Evolune-Workspace/worktrees/Evolune-v1.7/app/src/main/java/io/github/yingqiu0871/evolune/ui/screens/insights/InsightsPresentation.kt:45:73 This annotation is currently applied to the value parameter only, but in the future it will also be applied to field.
- To opt in to applying to both value parameter and field, add '-Xannotation-default-target=param-property' to your compiler arguments.
- To keep applying to the value parameter only, use the '@param:' annotation target.

See https://youtrack.jetbrains.com/issue/KT-73255 for more details.
w: file:///D:/Evolune-Workspace/worktrees/Evolune-v1.7/app/src/main/java/io/github/yingqiu0871/evolune/ui/screens/insights/InsightsPresentation.kt:47:66 This annotation is currently applied to the value parameter only, but in the future it will also be applied to field.
- To opt in to applying to both value parameter and field, add '-Xannotation-default-target=param-property' to your compiler arguments.
- To keep applying to the value parameter only, use the '@param:' annotation target.

See https://youtrack.jetbrains.com/issue/KT-73255 for more details.

> Task :app:compileDebugJavaWithJavac NO-SOURCE
> Task :app:processDebugJavaRes
> Task :app:bundleDebugClassesToRuntimeJar
> Task :app:bundleDebugClassesToCompileJar
> Task :app:kspDebugUnitTestKotlin

> Task :app:compileDebugUnitTestKotlin
w: file:///D:/Evolune-Workspace/worktrees/Evolune-v1.7/app/src/test/java/io/github/yingqiu0871/evolune/history/HistoryCrossDatePresentationTest.kt:93:36 Unnecessary non-null assertion (!!) on a non-null receiver of type 'HistoryActualTimeUiModel'.
w: file:///D:/Evolune-Workspace/worktrees/Evolune-v1.7/app/src/test/java/io/github/yingqiu0871/evolune/history/HistoryCrossDatePresentationTest.kt:94:93 Unnecessary non-null assertion (!!) on a non-null receiver of type 'HistoryActualTimeUiModel'.
w: file:///D:/Evolune-Workspace/worktrees/Evolune-v1.7/app/src/test/java/io/github/yingqiu0871/evolune/history/HistoryCrossDatePresentationTest.kt:94:121 Unnecessary non-null assertion (!!) on a non-null receiver of type 'HistoryActualTimeUiModel'.
w: file:///D:/Evolune-Workspace/worktrees/Evolune-v1.7/app/src/test/java/io/github/yingqiu0871/evolune/history/HistoryCrossDatePresentationTest.kt:94:146 Unnecessary non-null assertion (!!) on a non-null receiver of type 'HistoryActualTimeUiModel'.
w: file:///D:/Evolune-Workspace/worktrees/Evolune-v1.7/app/src/test/java/io/github/yingqiu0871/evolune/history/HistoryCrossDatePresentationTest.kt:139:36 Unnecessary non-null assertion (!!) on a non-null receiver of type 'HistoryActualTimeUiModel'.
w: file:///D:/Evolune-Workspace/worktrees/Evolune-v1.7/app/src/test/java/io/github/yingqiu0871/evolune/history/HistoryCrossDatePresentationTest.kt:143:33 Unnecessary non-null assertion (!!) on a non-null receiver of type 'HistoryActualTimeUiModel'.
w: file:///D:/Evolune-Workspace/worktrees/Evolune-v1.7/app/src/test/java/io/github/yingqiu0871/evolune/history/HistoryCrossDatePresentationTest.kt:144:33 Unnecessary non-null assertion (!!) on a non-null receiver of type 'HistoryActualTimeUiModel'.
w: file:///D:/Evolune-Workspace/worktrees/Evolune-v1.7/app/src/test/java/io/github/yingqiu0871/evolune/history/HistoryCrossDatePresentationTest.kt:145:33 Unnecessary non-null assertion (!!) on a non-null receiver of type 'HistoryActualTimeUiModel'.
w: file:///D:/Evolune-Workspace/worktrees/Evolune-v1.7/app/src/test/java/io/github/yingqiu0871/evolune/history/HistoryCrossDatePresentationTest.kt:175:33 Unnecessary non-null assertion (!!) on a non-null receiver of type 'HistoryActualTimeUiModel'.
w: file:///D:/Evolune-Workspace/worktrees/Evolune-v1.7/app/src/test/java/io/github/yingqiu0871/evolune/history/HistoryCrossDatePresentationTest.kt:176:33 Unnecessary non-null assertion (!!) on a non-null receiver of type 'HistoryActualTimeUiModel'.
w: file:///D:/Evolune-Workspace/worktrees/Evolune-v1.7/app/src/test/java/io/github/yingqiu0871/evolune/history/HistoryCrossDatePresentationTest.kt:177:33 Unnecessary non-null assertion (!!) on a non-null receiver of type 'HistoryActualTimeUiModel'.
w: file:///D:/Evolune-Workspace/worktrees/Evolune-v1.7/app/src/test/java/io/github/yingqiu0871/evolune/history/HistoryCrossDatePresentationTest.kt:192:82 Unnecessary non-null assertion (!!) on a non-null receiver of type 'HistoryActualTimeUiModel'.
w: file:///D:/Evolune-Workspace/worktrees/Evolune-v1.7/app/src/test/java/io/github/yingqiu0871/evolune/history/HistoryCrossDatePresentationTest.kt:192:110 Unnecessary non-null assertion (!!) on a non-null receiver of type 'HistoryActualTimeUiModel'.
w: file:///D:/Evolune-Workspace/worktrees/Evolune-v1.7/app/src/test/java/io/github/yingqiu0871/evolune/history/HistoryCrossDatePresentationTest.kt:192:135 Unnecessary non-null assertion (!!) on a non-null receiver of type 'HistoryActualTimeUiModel'.
w: file:///D:/Evolune-Workspace/worktrees/Evolune-v1.7/app/src/test/java/io/github/yingqiu0871/evolune/history/HistoryCrossDatePresentationTest.kt:202:82 Unnecessary non-null assertion (!!) on a non-null receiver of type 'HistoryActualTimeUiModel'.
w: file:///D:/Evolune-Workspace/worktrees/Evolune-v1.7/app/src/test/java/io/github/yingqiu0871/evolune/history/HistoryCrossDatePresentationTest.kt:202:110 Unnecessary non-null assertion (!!) on a non-null receiver of type 'HistoryActualTimeUiModel'.
w: file:///D:/Evolune-Workspace/worktrees/Evolune-v1.7/app/src/test/java/io/github/yingqiu0871/evolune/history/HistoryCrossDatePresentationTest.kt:202:135 Unnecessary non-null assertion (!!) on a non-null receiver of type 'HistoryActualTimeUiModel'.
w: file:///D:/Evolune-Workspace/worktrees/Evolune-v1.7/app/src/test/java/io/github/yingqiu0871/evolune/history/HistoryPresentationTest.kt:191:39 Unnecessary non-null assertion (!!) on a non-null receiver of type 'HistoryActualTimeUiModel'.
w: file:///D:/Evolune-Workspace/worktrees/Evolune-v1.7/app/src/test/java/io/github/yingqiu0871/evolune/history/HistoryPresentationTest.kt:192:36 Unnecessary non-null assertion (!!) on a non-null receiver of type 'HistoryActualTimeUiModel'.
w: file:///D:/Evolune-Workspace/worktrees/Evolune-v1.7/app/src/test/java/io/github/yingqiu0871/evolune/history/HistoryPresentationTest.kt:193:45 Unnecessary non-null assertion (!!) on a non-null receiver of type 'HistoryActualTimeUiModel'.
w: file:///D:/Evolune-Workspace/worktrees/Evolune-v1.7/app/src/test/java/io/github/yingqiu0871/evolune/history/HistoryPresentationTest.kt:207:43 Unnecessary non-null assertion (!!) on a non-null receiver of type 'HistoryActualTimeUiModel'.
w: file:///D:/Evolune-Workspace/worktrees/Evolune-v1.7/app/src/test/java/io/github/yingqiu0871/evolune/history/HistoryPresentationTest.kt:208:40 Unnecessary non-null assertion (!!) on a non-null receiver of type 'HistoryActualTimeUiModel'.
w: file:///D:/Evolune-Workspace/worktrees/Evolune-v1.7/app/src/test/java/io/github/yingqiu0871/evolune/history/HistoryPresentationTest.kt:295:34 Unnecessary non-null assertion (!!) on a non-null receiver of type 'HistoryDayUiModel'.
w: file:///D:/Evolune-Workspace/worktrees/Evolune-v1.7/app/src/test/java/io/github/yingqiu0871/evolune/history/HistoryPresentationTest.kt:296:34 Unnecessary non-null assertion (!!) on a non-null receiver of type 'HistoryDayUiModel'.
w: file:///D:/Evolune-Workspace/worktrees/Evolune-v1.7/app/src/test/java/io/github/yingqiu0871/evolune/history/HistoryQuickRecordInferredTest.kt:81:33 Unnecessary non-null assertion (!!) on a non-null receiver of type 'HistoryActualTimeUiModel'.
w: file:///D:/Evolune-Workspace/worktrees/Evolune-v1.7/app/src/test/java/io/github/yingqiu0871/evolune/history/HistoryQuickRecordInferredTest.kt:82:33 Unnecessary non-null assertion (!!) on a non-null receiver of type 'HistoryActualTimeUiModel'.
w: file:///D:/Evolune-Workspace/worktrees/Evolune-v1.7/app/src/test/java/io/github/yingqiu0871/evolune/history/HistoryQuickRecordInferredTest.kt:83:33 Unnecessary non-null assertion (!!) on a non-null receiver of type 'HistoryActualTimeUiModel'.
w: file:///D:/Evolune-Workspace/worktrees/Evolune-v1.7/app/src/test/java/io/github/yingqiu0871/evolune/history/HistoryUndoProjectionTest.kt:152:20 Check for instance is always 'true'.
w: file:///D:/Evolune-Workspace/worktrees/Evolune-v1.7/app/src/test/java/io/github/yingqiu0871/evolune/history/insights/InsightsViewModelTest.kt:677:42 Unnecessary non-null assertion (!!) on a non-null receiver of type 'MedicationInsightsSummary'.

> Task :app:compileDebugUnitTestJavaWithJavac NO-SOURCE
> Task :app:processDebugUnitTestJavaRes
> Task :app:testDebugUnitTest
> Task :app:test

BUILD SUCCESSFUL in 21s
54 actionable tasks: 54 executed
Consider enabling configuration cache to speed up this build: https://docs.gradle.org/9.2.1/userguide/configuration_cache_enabling.html
