
> Configure project :app
WARNING: The option setting 'android.overridePathCheck=true' is experimental.
The current default is 'false'.
WARNING: The option setting 'android.disallowKotlinSourceSets=false' is experimental.
The current default is 'true'.

> Task :experience-core:checkKotlinGradlePluginConfigurationErrors SKIPPED
> Task :experience-core:compileKotlin UP-TO-DATE
> Task :experience-core:compileJava NO-SOURCE
> Task :experience-core:processResources NO-SOURCE
> Task :experience-core:classes UP-TO-DATE
> Task :experience-core:jar UP-TO-DATE
> Task :app:preBuild UP-TO-DATE
> Task :app:preDebugBuild UP-TO-DATE
> Task :app:generateDebugResources UP-TO-DATE
> Task :app:packageDebugResources UP-TO-DATE
> Task :app:processDebugNavigationResources UP-TO-DATE
> Task :app:parseDebugLocalResources UP-TO-DATE
> Task :app:generateDebugRFile UP-TO-DATE
> Task :app:javaPreCompileDebug UP-TO-DATE
> Task :app:checkDebugAarMetadata UP-TO-DATE
> Task :app:compileDebugNavigationResources UP-TO-DATE
> Task :app:mapDebugSourceSetPaths UP-TO-DATE
> Task :app:mergeDebugResources UP-TO-DATE
> Task :app:createDebugCompatibleScreenManifests UP-TO-DATE
> Task :app:extractDeepLinksDebug UP-TO-DATE
> Task :app:processDebugMainManifest UP-TO-DATE
> Task :app:processDebugManifest UP-TO-DATE
> Task :app:processDebugManifestForPackage UP-TO-DATE
> Task :app:processDebugResources UP-TO-DATE
> Task :app:preDebugAndroidTestBuild SKIPPED
> Task :app:generateDebugAndroidTestResources UP-TO-DATE
> Task :app:packageDebugAndroidTestResources UP-TO-DATE
> Task :app:processDebugAndroidTestNavigationResources UP-TO-DATE
> Task :app:parseDebugAndroidTestLocalResources UP-TO-DATE
> Task :app:generateDebugAndroidTestRFile UP-TO-DATE
> Task :app:javaPreCompileDebugAndroidTest UP-TO-DATE
> Task :app:generateDebugAssets UP-TO-DATE
> Task :app:mergeDebugAssets UP-TO-DATE
> Task :app:compressDebugAssets UP-TO-DATE
> Task :app:checkDebugDuplicateClasses UP-TO-DATE
> Task :app:desugarDebugFileDependencies UP-TO-DATE
> Task :app:mergeExtDexDebug UP-TO-DATE
> Task :app:mergeLibDexDebug UP-TO-DATE
> Task :app:mergeDebugJniLibFolders UP-TO-DATE
> Task :app:mergeDebugNativeLibs UP-TO-DATE
> Task :app:stripDebugDebugSymbols UP-TO-DATE
> Task :app:validateSigningDebug UP-TO-DATE
> Task :app:writeDebugAppMetadata UP-TO-DATE
> Task :app:writeDebugSigningConfigVersions UP-TO-DATE
> Task :app:generateDebugAndroidTestAssets UP-TO-DATE
> Task :app:mergeDebugAndroidTestAssets UP-TO-DATE
> Task :app:compressDebugAndroidTestAssets UP-TO-DATE
> Task :app:checkDebugAndroidTestDuplicateClasses UP-TO-DATE
> Task :app:desugarDebugAndroidTestFileDependencies UP-TO-DATE
> Task :app:mergeExtDexDebugAndroidTest UP-TO-DATE
> Task :app:mergeLibDexDebugAndroidTest UP-TO-DATE
> Task :app:checkDebugAndroidTestAarMetadata UP-TO-DATE
> Task :app:compileDebugAndroidTestNavigationResources UP-TO-DATE
> Task :app:mapDebugAndroidTestSourceSetPaths UP-TO-DATE
> Task :app:mergeDebugAndroidTestResources UP-TO-DATE
> Task :app:processDebugAndroidTestManifest UP-TO-DATE
> Task :app:processDebugAndroidTestResources UP-TO-DATE
> Task :app:mergeDebugAndroidTestJniLibFolders UP-TO-DATE
> Task :app:mergeDebugAndroidTestNativeLibs NO-SOURCE
> Task :app:stripDebugAndroidTestDebugSymbols NO-SOURCE
> Task :app:validateSigningDebugAndroidTest UP-TO-DATE
> Task :app:writeDebugAndroidTestSigningConfigVersions UP-TO-DATE
> Task :app:kspDebugKotlin
> Task :app:compileDebugKotlin
> Task :app:compileDebugJavaWithJavac NO-SOURCE
> Task :app:processDebugJavaRes UP-TO-DATE
> Task :app:mergeDebugJavaResource UP-TO-DATE
> Task :app:dexBuilderDebug
> Task :app:bundleDebugClassesToCompileJar
> Task :app:mergeProjectDexDebug
> Task :app:packageDebug
> Task :app:createDebugApkListingFileRedirect UP-TO-DATE
> Task :app:kspDebugAndroidTestKotlin

> Task :app:compileDebugAndroidTestKotlin
w: file:///D:/Evolune-Workspace/worktrees/Evolune-v1.7/app/src/androidTest/java/io/github/yingqiu0871/evolune/data/AppDatabaseMigrationMatrixTest.kt:521:43 The corresponding parameter in the supertype 'Callback' is named 'db'. This may cause problems when calling this function with named arguments.
w: file:///D:/Evolune-Workspace/worktrees/Evolune-v1.7/app/src/androidTest/java/io/github/yingqiu0871/evolune/data/AppDatabaseMigrationMatrixTest.kt:538:25 The corresponding parameter in the supertype 'Callback' is named 'db'. This may cause problems when calling this function with named arguments.
w: file:///D:/Evolune-Workspace/worktrees/Evolune-v1.7/app/src/androidTest/java/io/github/yingqiu0871/evolune/data/AppDatabaseMigrationMatrixTest.kt:562:43 The corresponding parameter in the supertype 'Callback' is named 'db'. This may cause problems when calling this function with named arguments.
w: file:///D:/Evolune-Workspace/worktrees/Evolune-v1.7/app/src/androidTest/java/io/github/yingqiu0871/evolune/data/AppDatabaseMigrationMatrixTest.kt:567:25 The corresponding parameter in the supertype 'Callback' is named 'db'. This may cause problems when calling this function with named arguments.

> Task :app:compileDebugAndroidTestJavaWithJavac NO-SOURCE
> Task :app:processDebugAndroidTestJavaRes UP-TO-DATE
> Task :app:mergeDebugAndroidTestJavaResource UP-TO-DATE
> Task :app:dexBuilderDebugAndroidTest
> Task :app:mergeProjectDexDebugAndroidTest
> Task :app:packageDebugAndroidTest
> Task :app:createDebugAndroidTestApkListingFileRedirect UP-TO-DATE
Starting 247 tests on Pixel_7(AVD) - 15
Pixel_7(AVD) - 15 Tests 5/247 completed. (0 skipped) (0 failed)
Pixel_7(AVD) - 15 Tests 6/247 completed. (0 skipped) (0 failed)
> Task :app:connectedDebugAndroidTest

Pixel_7(AVD) - 15 Tests 27/247 completed. (0 skipped) (0 failed)
Pixel_7(AVD) - 15 Tests 62/247 completed. (0 skipped) (0 failed)

io.github.yingqiu0871.evolune.data.migration.contract.RepairToolOutputMigrationTest > repairedV2CopyMigratesAndProductionRepositoriesReadIt[Pixel_7(AVD) - 15] [33mSKIPPED [0m
Pixel_7(AVD) - 15 Tests 66/247 completed. (1 skipped) (0 failed)
Pixel_7(AVD) - 15 Tests 121/247 completed. (1 skipped) (0 failed)

io.github.yingqiu0871.evolune.release.V15InPlaceUpgradeDeviceTest > verifyV15State[Pixel_7(AVD) - 15] [33mSKIPPED [0m

io.github.yingqiu0871.evolune.release.V15InPlaceUpgradeDeviceTest > prepareV14State[Pixel_7(AVD) - 15] [33mSKIPPED [0m
Pixel_7(AVD) - 15 Tests 141/247 completed. (3 skipped) (0 failed)
Pixel_7(AVD) - 15 Tests 149/247 completed. (3 skipped) (0 failed)

io.github.yingqiu0871.evolune.ui.screens.FoldableNavigationLayoutTest > expandedRailAndSharedTopBarKeepStableGeometry[Pixel_7(AVD) - 15] [33mSKIPPED [0m
Pixel_7(AVD) - 15 Tests 157/247 completed. (4 skipped) (0 failed)

io.github.yingqiu0871.evolune.ui.screens.FoldableNavigationLayoutTest > topLevelTitleRemainsCenteredThroughoutPageTransition[Pixel_7(AVD) - 15] [33mSKIPPED [0m
Pixel_7(AVD) - 15 Tests 167/247 completed. (5 skipped) (0 failed)
Pixel_7(AVD) - 15 Tests 176/247 completed. (5 skipped) (0 failed)
Pixel_7(AVD) - 15 Tests 188/247 completed. (5 skipped) (0 failed)
Pixel_7(AVD) - 15 Tests 198/247 completed. (5 skipped) (0 failed)
Pixel_7(AVD) - 15 Tests 208/247 completed. (5 skipped) (0 failed)
Pixel_7(AVD) - 15 Tests 210/247 completed. (5 skipped) (0 failed)
Pixel_7(AVD) - 15 Tests 212/247 completed. (5 skipped) (0 failed)
Pixel_7(AVD) - 15 Tests 216/247 completed. (5 skipped) (0 failed)
Pixel_7(AVD) - 15 Tests 219/247 completed. (5 skipped) (0 failed)
Pixel_7(AVD) - 15 Tests 223/247 completed. (5 skipped) (0 failed)
Pixel_7(AVD) - 15 Tests 226/247 completed. (5 skipped) (0 failed)
Pixel_7(AVD) - 15 Tests 234/247 completed. (5 skipped) (0 failed)
Finished 252 tests on Pixel_7(AVD) - 15

BUILD SUCCESSFUL in 3m 58s
69 actionable tasks: 12 executed, 57 up-to-date
Consider enabling configuration cache to speed up this build: https://docs.gradle.org/9.2.1/userguide/configuration_cache_enabling.html
EXIT=0
