
> Configure project :app
WARNING: The option setting 'android.overridePathCheck=true' is experimental.
The current default is 'false'.
WARNING: The option setting 'android.disallowKotlinSourceSets=false' is experimental.
The current default is 'true'.

> Task :app:clean
> Task :wear:clean
> Task :experience-core:checkKotlinGradlePluginConfigurationErrors SKIPPED
> Task :experience-core:compileKotlin UP-TO-DATE
> Task :experience-core:compileJava NO-SOURCE
> Task :experience-core:processResources NO-SOURCE
> Task :experience-core:classes UP-TO-DATE
> Task :experience-core:jar UP-TO-DATE
> Task :app:preBuild UP-TO-DATE
> Task :app:preReleaseBuild UP-TO-DATE
> Task :app:mergeReleaseJniLibFolders
> Task :app:generateReleaseResources
> Task :app:mergeReleaseNativeLibs
> Task :app:checkReleaseDuplicateClasses
> Task :app:packageReleaseResources

> Task :app:stripReleaseDebugSymbols
Unable to strip the following libraries, packaging them as they are: libandroidx.graphics.path.so, libdatastore_shared_counter.so. Run with --info option to learn more.

> Task :app:processReleaseNavigationResources
> Task :app:extractReleaseNativeSymbolTables
> Task :app:parseReleaseLocalResources
> Task :app:mergeReleaseNativeDebugMetadata NO-SOURCE
> Task :app:generateReleaseRFile
> Task :app:javaPreCompileRelease
> Task :app:compileReleaseNavigationResources
> Task :app:mapReleaseSourceSetPaths
> Task :app:mergeReleaseArtProfile
> Task :app:checkReleaseAarMetadata
> Task :app:createReleaseCompatibleScreenManifests
> Task :app:extractDeepLinksRelease
> Task :app:processReleaseMainManifest
> Task :app:processReleaseManifest
> Task :app:extractProguardFiles
> Task :app:mergeReleaseStartupProfile
> Task :app:generateReleaseAssets UP-TO-DATE
> Task :app:mergeReleaseAssets
> Task :app:compressReleaseAssets
> Task :app:extractReleaseVersionControlInfo
> Task :app:mergeReleaseResources
> Task :app:collectReleaseDependencies
> Task :app:sdkReleaseDependencyData
> Task :app:validateSigningRelease
> Task :app:writeReleaseAppMetadata
> Task :app:writeReleaseSigningConfigVersions
> Task :wear:preBuild UP-TO-DATE
> Task :wear:preReleaseBuild UP-TO-DATE
> Task :wear:mergeReleaseJniLibFolders
> Task :wear:mergeReleaseNativeLibs NO-SOURCE
> Task :wear:stripReleaseDebugSymbols NO-SOURCE
> Task :wear:extractReleaseNativeSymbolTables NO-SOURCE
> Task :wear:mergeReleaseNativeDebugMetadata NO-SOURCE
> Task :wear:generateReleaseResources
> Task :wear:checkReleaseDuplicateClasses
> Task :wear:packageReleaseResources
> Task :wear:processReleaseNavigationResources
> Task :wear:javaPreCompileRelease
> Task :wear:parseReleaseLocalResources
> Task :wear:mergeReleaseArtProfile
> Task :wear:generateReleaseRFile
> Task :wear:checkReleaseAarMetadata
> Task :wear:compileReleaseNavigationResources
> Task :wear:mapReleaseSourceSetPaths
> Task :wear:createReleaseCompatibleScreenManifests
> Task :wear:extractDeepLinksRelease
> Task :wear:processReleaseMainManifest
> Task :wear:processReleaseManifest
> Task :app:processReleaseManifestForPackage
> Task :wear:extractProguardFiles
> Task :wear:mergeReleaseStartupProfile
> Task :wear:generateReleaseAssets UP-TO-DATE
> Task :wear:mergeReleaseAssets
> Task :wear:compressReleaseAssets
> Task :wear:extractReleaseVersionControlInfo
> Task :wear:collectReleaseDependencies
> Task :wear:sdkReleaseDependencyData
> Task :wear:processReleaseManifestForPackage
> Task :wear:validateSigningRelease
> Task :wear:writeReleaseAppMetadata
> Task :wear:writeReleaseSigningConfigVersions

> Task :wear:compileReleaseKotlin
w: file:///D:/Evolune-Workspace/worktrees/Evolune-v1.7.4/wear/src/main/java/io/github/yingqiu0871/evolune/wear/DoseTileService.kt:109:57 'constructor(): LayoutElementBuilders.Image.Builder' is deprecated. Deprecated in Java.
w: file:///D:/Evolune-Workspace/worktrees/Evolune-v1.7.4/wear/src/main/java/io/github/yingqiu0871/evolune/wear/DoseTileService.kt:110:34 'fun setResourceId(p0: String): LayoutElementBuilders.Image.Builder' is deprecated. Deprecated in Java.
w: file:///D:/Evolune-Workspace/worktrees/Evolune-v1.7.4/wear/src/main/java/io/github/yingqiu0871/evolune/wear/WearAppActivity.kt:326:16 'var statusBarColor: Int' is deprecated. Deprecated in Java.
w: file:///D:/Evolune-Workspace/worktrees/Evolune-v1.7.4/wear/src/main/java/io/github/yingqiu0871/evolune/wear/WearAppActivity.kt:327:16 'var navigationBarColor: Int' is deprecated. Deprecated in Java.

> Task :wear:mergeReleaseResources
> Task :wear:compileReleaseJavaWithJavac NO-SOURCE
> Task :wear:processReleaseJavaRes
> Task :app:processReleaseResources
> Task :wear:generateReleaseLintVitalReportModel
> Task :wear:processReleaseResources
> Task :wear:mergeReleaseGeneratedProguardFiles
> Task :app:optimizeReleaseResources
> Task :wear:optimizeReleaseResources
> Task :wear:mergeReleaseJavaResource
> Task :wear:expandReleaseArtProfileWildcards
> Task :app:kspReleaseKotlin

> Task :app:compileReleaseKotlin
w: file:///D:/Evolune-Workspace/worktrees/Evolune-v1.7.4/app/src/main/java/io/github/yingqiu0871/evolune/navigation/AppNavigation.kt:1331:56 'val Icons.Filled.ArrowBack: ImageVector' is deprecated. Use the AutoMirrored version at Icons.AutoMirrored.Filled.ArrowBack.
w: file:///D:/Evolune-Workspace/worktrees/Evolune-v1.7.4/app/src/main/java/io/github/yingqiu0871/evolune/navigation/AppNavigation.kt:1385:37 'val Icons.Filled.List: ImageVector' is deprecated. Use the AutoMirrored version at Icons.AutoMirrored.Filled.List.
w: file:///D:/Evolune-Workspace/worktrees/Evolune-v1.7.4/app/src/main/java/io/github/yingqiu0871/evolune/navigation/AppNavigation.kt:1386:41 'val Icons.Outlined.List: ImageVector' is deprecated. Use the AutoMirrored version at Icons.AutoMirrored.Outlined.List.
w: file:///D:/Evolune-Workspace/worktrees/Evolune-v1.7.4/app/src/main/java/io/github/yingqiu0871/evolune/ui/components/MedicationRecordBottomSheet.kt:932:9 'fun ButtonGroup(modifier: Modifier = ..., expandedRatio: Float = ..., horizontalArrangement: Arrangement.Horizontal = ..., content: ComposableFunction1<ButtonGroupScope, Unit>): Unit' is deprecated. Please use the overload with overflowIndicator parameter. This overload will create a composable that is cut off if there are too many items to fit on the screen neatly.
w: file:///D:/Evolune-Workspace/worktrees/Evolune-v1.7.4/app/src/main/java/io/github/yingqiu0871/evolune/ui/screens/insights/InsightsPresentation.kt:31:27 This annotation is currently applied to the value parameter only, but in the future it will also be applied to field.
- To opt in to applying to both value parameter and field, add '-Xannotation-default-target=param-property' to your compiler arguments.
- To keep applying to the value parameter only, use the '@param:' annotation target.

See https://youtrack.jetbrains.com/issue/KT-73255 for more details.
w: file:///D:/Evolune-Workspace/worktrees/Evolune-v1.7.4/app/src/main/java/io/github/yingqiu0871/evolune/ui/screens/insights/InsightsPresentation.kt:43:62 This annotation is currently applied to the value parameter only, but in the future it will also be applied to field.
- To opt in to applying to both value parameter and field, add '-Xannotation-default-target=param-property' to your compiler arguments.
- To keep applying to the value parameter only, use the '@param:' annotation target.

See https://youtrack.jetbrains.com/issue/KT-73255 for more details.
w: file:///D:/Evolune-Workspace/worktrees/Evolune-v1.7.4/app/src/main/java/io/github/yingqiu0871/evolune/ui/screens/insights/InsightsPresentation.kt:45:73 This annotation is currently applied to the value parameter only, but in the future it will also be applied to field.
- To opt in to applying to both value parameter and field, add '-Xannotation-default-target=param-property' to your compiler arguments.
- To keep applying to the value parameter only, use the '@param:' annotation target.

See https://youtrack.jetbrains.com/issue/KT-73255 for more details.
w: file:///D:/Evolune-Workspace/worktrees/Evolune-v1.7.4/app/src/main/java/io/github/yingqiu0871/evolune/ui/screens/insights/InsightsPresentation.kt:47:66 This annotation is currently applied to the value parameter only, but in the future it will also be applied to field.
- To opt in to applying to both value parameter and field, add '-Xannotation-default-target=param-property' to your compiler arguments.
- To keep applying to the value parameter only, use the '@param:' annotation target.

See https://youtrack.jetbrains.com/issue/KT-73255 for more details.
w: file:///D:/Evolune-Workspace/worktrees/Evolune-v1.7.4/app/src/main/java/io/github/yingqiu0871/evolune/ui/screens/timeline/TimelinePresentation.kt:79:29 This annotation is currently applied to the value parameter only, but in the future it will also be applied to field.
- To opt in to applying to both value parameter and field, add '-Xannotation-default-target=param-property' to your compiler arguments.
- To keep applying to the value parameter only, use the '@param:' annotation target.

See https://youtrack.jetbrains.com/issue/KT-73255 for more details.
w: file:///D:/Evolune-Workspace/worktrees/Evolune-v1.7.4/app/src/main/java/io/github/yingqiu0871/evolune/ui/screens/timeline/TimelinePresentation.kt:81:51 This annotation is currently applied to the value parameter only, but in the future it will also be applied to field.
- To opt in to applying to both value parameter and field, add '-Xannotation-default-target=param-property' to your compiler arguments.
- To keep applying to the value parameter only, use the '@param:' annotation target.

See https://youtrack.jetbrains.com/issue/KT-73255 for more details.
w: file:///D:/Evolune-Workspace/worktrees/Evolune-v1.7.4/app/src/main/java/io/github/yingqiu0871/evolune/ui/screens/timeline/TimelinePresentation.kt:85:27 This annotation is currently applied to the value parameter only, but in the future it will also be applied to field.
- To opt in to applying to both value parameter and field, add '-Xannotation-default-target=param-property' to your compiler arguments.
- To keep applying to the value parameter only, use the '@param:' annotation target.

See https://youtrack.jetbrains.com/issue/KT-73255 for more details.

> Task :wear:minifyReleaseWithR8
> Task :wear:compileReleaseArtProfile
> Task :app:compileReleaseJavaWithJavac NO-SOURCE
> Task :app:mergeReleaseGeneratedProguardFiles
> Task :app:processReleaseJavaRes
> Task :wear:lintVitalAnalyzeRelease
> Task :app:generateReleaseLintVitalReportModel
> Task :app:expandReleaseArtProfileWildcards
> Task :wear:lintVitalReportRelease
> Task :wear:lintVitalRelease
> Task :wear:packageRelease
> Task :wear:createReleaseApkListingFileRedirect
> Task :wear:assembleRelease
> Task :app:mergeReleaseJavaResource
> Task :app:produceReleaseComposeMapping
> Task :app:reportReleaseComposeMappingErrors
> Task :app:lintVitalAnalyzeRelease
> Task :app:minifyReleaseWithR8
> Task :app:lintVitalReportRelease
> Task :app:lintVitalRelease
> Task :app:mergeReleaseComposeMapping
> Task :app:compileReleaseArtProfile
> Task :app:packageRelease
> Task :app:createReleaseApkListingFileRedirect
> Task :app:assembleRelease

BUILD SUCCESSFUL in 1m 58s
97 actionable tasks: 95 executed, 2 up-to-date
Consider enabling configuration cache to speed up this build: https://docs.gradle.org/9.2.1/userguide/configuration_cache_enabling.html
