
> Configure project :app
WARNING: The option setting 'android.overridePathCheck=true' is experimental.
The current default is 'false'.
WARNING: The option setting 'android.disallowKotlinSourceSets=false' is experimental.
The current default is 'true'.

> Task :experience-core:checkKotlinGradlePluginConfigurationErrors SKIPPED
> Task :experience-core:processResources NO-SOURCE
> Task :app:preBuild UP-TO-DATE
> Task :app:preDebugBuild UP-TO-DATE
> Task :app:generateDebugResources
> Task :app:packageDebugResources
> Task :app:processDebugNavigationResources
> Task :app:parseDebugLocalResources
> Task :app:javaPreCompileDebug
> Task :app:compileDebugNavigationResources
> Task :app:checkDebugAarMetadata
> Task :app:mapDebugSourceSetPaths
> Task :app:generateDebugRFile
> Task :experience-core:compileKotlin
> Task :experience-core:compileJava NO-SOURCE
> Task :experience-core:classes UP-TO-DATE
> Task :experience-core:jar
> Task :app:mergeDebugResources
> Task :app:createDebugCompatibleScreenManifests
> Task :app:extractDeepLinksDebug
> Task :app:processDebugMainManifest
> Task :app:processDebugManifest
> Task :app:preDebugUnitTestBuild UP-TO-DATE
> Task :app:javaPreCompileDebugUnitTest
> Task :app:processDebugManifestForPackage
> Task :app:processDebugResources
> Task :app:kspDebugKotlin

> Task :app:compileDebugKotlin
w: file:///D:/Evolune-Workspace/worktrees/Evolune-v1.7/app/src/main/java/io/github/yingqiu0871/evolune/navigation/AppNavigation.kt:1039:56 'val Icons.Filled.ArrowBack: ImageVector' is deprecated. Use the AutoMirrored version at Icons.AutoMirrored.Filled.ArrowBack.
w: file:///D:/Evolune-Workspace/worktrees/Evolune-v1.7/app/src/main/java/io/github/yingqiu0871/evolune/navigation/AppNavigation.kt:1093:37 'val Icons.Filled.List: ImageVector' is deprecated. Use the AutoMirrored version at Icons.AutoMirrored.Filled.List.
w: file:///D:/Evolune-Workspace/worktrees/Evolune-v1.7/app/src/main/java/io/github/yingqiu0871/evolune/navigation/AppNavigation.kt:1094:41 'val Icons.Outlined.List: ImageVector' is deprecated. Use the AutoMirrored version at Icons.AutoMirrored.Outlined.List.
w: file:///D:/Evolune-Workspace/worktrees/Evolune-v1.7/app/src/main/java/io/github/yingqiu0871/evolune/ui/components/MedicationRecordBottomSheet.kt:932:9 'fun ButtonGroup(modifier: Modifier = ..., expandedRatio: Float = ..., horizontalArrangement: Arrangement.Horizontal = ..., content: ComposableFunction1<ButtonGroupScope, Unit>): Unit' is deprecated. Please use the overload with overflowIndicator parameter. This overload will create a composable that is cut off if there are too many items to fit on the screen neatly.

> Task :app:compileDebugJavaWithJavac NO-SOURCE
> Task :app:processDebugJavaRes
> Task :app:bundleDebugClassesToRuntimeJar
> Task :app:bundleDebugClassesToCompileJar
> Task :app:kspDebugUnitTestKotlin

> Task :app:compileDebugUnitTestKotlin
w: file:///D:/Evolune-Workspace/worktrees/Evolune-v1.7/app/src/test/java/io/github/yingqiu0871/evolune/history/HistoryCrossDatePresentationTest.kt:93:36 Unnecessary non-null assertion (!!) on a non-null receiver of type 'HistoryActualTimeUiModel'.
w: file:///D:/Evolune-Workspace/worktrees/Evolune-v1.7/app/src/test/java/io/github/yingqiu0871/evolune/history/HistoryCrossDatePresentationTest.kt:94:93 Unnecessary non-null assertion (!!) on a non-null receiver of type 'HistoryActualTimeUiModel'.
w: file:///D:/Evolune-Workspace/worktrees/Evolune-v1.7/app/src/test/java/io/github/yingqiu0871/evolune/history/HistoryCrossDatePresentationTest.kt:94:121 Unnecessary non-null assertion (!!) on a non-null receiver of type 'HistoryActualTimeUiModel'.
w: file:///D:/Evolune-Workspace/worktrees/Evolune-v1.7/app/src/test/java/io/github/yingqiu0871/evolune/history/HistoryCrossDatePresentationTest.kt:94:146 Unnecessary non-null assertion (!!) on a non-null receiver of type 'HistoryActualTimeUiModel'.
w: file:///D:/Evolune-Workspace/worktrees/Evolune-v1.7/app/src/test/java/io/github/yingqiu0871/evolune/history/HistoryCrossDatePresentationTest.kt:139:36 Unnecessary non-null assertion (!!) on a non-null receiver of type 'HistoryActualTimeUiModel'.
w: file:///D:/Evolune-Workspace/worktrees/Evolune-v1.7/app/src/test/java/io/github/yingqiu0871/evolune/history/HistoryCrossDatePresentationTest.kt:143:33 Unnecessary non-null assertion (!!) on a non-null receiver of type 'HistoryActualTimeUiModel'.
w: file:///D:/Evolune-Workspace/worktrees/Evolune-v1.7/app/src/test/java/io/github/yingqiu0871/evolune/history/HistoryCrossDatePresentationTest.kt:144:33 Unnecessary non-null assertion (!!) on a non-null receiver of type 'HistoryActualTimeUiModel'.
w: file:///D:/Evolune-Workspace/worktrees/Evolune-v1.7/app/src/test/java/io/github/yingqiu0871/evolune/history/HistoryCrossDatePresentationTest.kt:145:33 Unnecessary non-null assertion (!!) on a non-null receiver of type 'HistoryActualTimeUiModel'.
w: file:///D:/Evolune-Workspace/worktrees/Evolune-v1.7/app/src/test/java/io/github/yingqiu0871/evolune/history/HistoryCrossDatePresentationTest.kt:175:33 Unnecessary non-null assertion (!!) on a non-null receiver of type 'HistoryActualTimeUiModel'.
w: file:///D:/Evolune-Workspace/worktrees/Evolune-v1.7/app/src/test/java/io/github/yingqiu0871/evolune/history/HistoryCrossDatePresentationTest.kt:176:33 Unnecessary non-null assertion (!!) on a non-null receiver of type 'HistoryActualTimeUiModel'.
w: file:///D:/Evolune-Workspace/worktrees/Evolune-v1.7/app/src/test/java/io/github/yingqiu0871/evolune/history/HistoryCrossDatePresentationTest.kt:177:33 Unnecessary non-null assertion (!!) on a non-null receiver of type 'HistoryActualTimeUiModel'.
w: file:///D:/Evolune-Workspace/worktrees/Evolune-v1.7/app/src/test/java/io/github/yingqiu0871/evolune/history/HistoryCrossDatePresentationTest.kt:192:82 Unnecessary non-null assertion (!!) on a non-null receiver of type 'HistoryActualTimeUiModel'.
w: file:///D:/Evolune-Workspace/worktrees/Evolune-v1.7/app/src/test/java/io/github/yingqiu0871/evolune/history/HistoryCrossDatePresentationTest.kt:192:110 Unnecessary non-null assertion (!!) on a non-null receiver of type 'HistoryActualTimeUiModel'.
w: file:///D:/Evolune-Workspace/worktrees/Evolune-v1.7/app/src/test/java/io/github/yingqiu0871/evolune/history/HistoryCrossDatePresentationTest.kt:192:135 Unnecessary non-null assertion (!!) on a non-null receiver of type 'HistoryActualTimeUiModel'.
w: file:///D:/Evolune-Workspace/worktrees/Evolune-v1.7/app/src/test/java/io/github/yingqiu0871/evolune/history/HistoryCrossDatePresentationTest.kt:202:82 Unnecessary non-null assertion (!!) on a non-null receiver of type 'HistoryActualTimeUiModel'.
w: file:///D:/Evolune-Workspace/worktrees/Evolune-v1.7/app/src/test/java/io/github/yingqiu0871/evolune/history/HistoryCrossDatePresentationTest.kt:202:110 Unnecessary non-null assertion (!!) on a non-null receiver of type 'HistoryActualTimeUiModel'.
w: file:///D:/Evolune-Workspace/worktrees/Evolune-v1.7/app/src/test/java/io/github/yingqiu0871/evolune/history/HistoryCrossDatePresentationTest.kt:202:135 Unnecessary non-null assertion (!!) on a non-null receiver of type 'HistoryActualTimeUiModel'.
w: file:///D:/Evolune-Workspace/worktrees/Evolune-v1.7/app/src/test/java/io/github/yingqiu0871/evolune/history/HistoryPresentationTest.kt:191:39 Unnecessary non-null assertion (!!) on a non-null receiver of type 'HistoryActualTimeUiModel'.
w: file:///D:/Evolune-Workspace/worktrees/Evolune-v1.7/app/src/test/java/io/github/yingqiu0871/evolune/history/HistoryPresentationTest.kt:192:36 Unnecessary non-null assertion (!!) on a non-null receiver of type 'HistoryActualTimeUiModel'.
w: file:///D:/Evolune-Workspace/worktrees/Evolune-v1.7/app/src/test/java/io/github/yingqiu0871/evolune/history/HistoryPresentationTest.kt:193:45 Unnecessary non-null assertion (!!) on a non-null receiver of type 'HistoryActualTimeUiModel'.
w: file:///D:/Evolune-Workspace/worktrees/Evolune-v1.7/app/src/test/java/io/github/yingqiu0871/evolune/history/HistoryPresentationTest.kt:207:43 Unnecessary non-null assertion (!!) on a non-null receiver of type 'HistoryActualTimeUiModel'.
w: file:///D:/Evolune-Workspace/worktrees/Evolune-v1.7/app/src/test/java/io/github/yingqiu0871/evolune/history/HistoryPresentationTest.kt:208:40 Unnecessary non-null assertion (!!) on a non-null receiver of type 'HistoryActualTimeUiModel'.
w: file:///D:/Evolune-Workspace/worktrees/Evolune-v1.7/app/src/test/java/io/github/yingqiu0871/evolune/history/HistoryPresentationTest.kt:295:34 Unnecessary non-null assertion (!!) on a non-null receiver of type 'HistoryDayUiModel'.
w: file:///D:/Evolune-Workspace/worktrees/Evolune-v1.7/app/src/test/java/io/github/yingqiu0871/evolune/history/HistoryPresentationTest.kt:296:34 Unnecessary non-null assertion (!!) on a non-null receiver of type 'HistoryDayUiModel'.
w: file:///D:/Evolune-Workspace/worktrees/Evolune-v1.7/app/src/test/java/io/github/yingqiu0871/evolune/history/HistoryQuickRecordInferredTest.kt:81:33 Unnecessary non-null assertion (!!) on a non-null receiver of type 'HistoryActualTimeUiModel'.
w: file:///D:/Evolune-Workspace/worktrees/Evolune-v1.7/app/src/test/java/io/github/yingqiu0871/evolune/history/HistoryQuickRecordInferredTest.kt:82:33 Unnecessary non-null assertion (!!) on a non-null receiver of type 'HistoryActualTimeUiModel'.
w: file:///D:/Evolune-Workspace/worktrees/Evolune-v1.7/app/src/test/java/io/github/yingqiu0871/evolune/history/HistoryQuickRecordInferredTest.kt:83:33 Unnecessary non-null assertion (!!) on a non-null receiver of type 'HistoryActualTimeUiModel'.
w: file:///D:/Evolune-Workspace/worktrees/Evolune-v1.7/app/src/test/java/io/github/yingqiu0871/evolune/history/HistoryUndoProjectionTest.kt:152:20 Check for instance is always 'true'.
w: file:///D:/Evolune-Workspace/worktrees/Evolune-v1.7/app/src/test/java/io/github/yingqiu0871/evolune/history/insights/InsightsViewModelTest.kt:677:42 Unnecessary non-null assertion (!!) on a non-null receiver of type 'MedicationInsightsSummary'.

> Task :app:compileDebugUnitTestJavaWithJavac NO-SOURCE
> Task :app:processDebugUnitTestJavaRes

> Task :app:testDebugUnitTest FAILED

InsightsViewModelTest > repeated selection changes leave only the newest selection authoritative FAILED
    java.lang.AssertionError at InsightsViewModelTest.kt:730

InsightsViewModelTest > reselecting the same custom range that became invalid reads nothing FAILED
    java.lang.AssertionError at InsightsViewModelTest.kt:267

InsightsViewModelTest > reselecting the same preset after midnight re-resolves it and reads once FAILED
    java.lang.AssertionError at InsightsViewModelTest.kt:238

InsightsViewModelTest > an unrecorded-only range is content because it carries historical facts FAILED
    java.lang.AssertionError at InsightsViewModelTest.kt:392

InsightsViewModelTest > an explicit selection change supersedes a pending refresh and still reads exactly twice FAILED
    java.lang.AssertionError at InsightsViewModelTest.kt:670

InsightsViewModelTest > one request captures exactly one zone and instant snapshot FAILED
    java.lang.AssertionError at InsightsViewModelTest.kt:800

66 tests completed, 6 failed

FAILURE: Build failed with an exception.

* What went wrong:
Execution failed for task ':app:testDebugUnitTest'.
> There were failing tests. See the report at: file:///D:/Evolune-Workspace/worktrees/Evolune-v1.7/app/build/reports/tests/testDebugUnitTest/index.html

* Try:
> Run with --scan to generate a Build Scan (powered by Develocity).

BUILD FAILED in 23s
28 actionable tasks: 28 executed
