candidate=D:\Evolune-Workspace\current\Evolune-v1.2\release-artifacts\v1.6.0-rc\20260909-224735
PHONE.path=/data/app/~~CRPlitv0vtUuwYy2p0GLdw==/io.github.yingqiu0871.evolune-Tg3wZYXvjZf26IkgljxcpQ==/base.apk
PHONE.sha256=E964FC8A89711B4F0F68B9BC93EB185BF77189E41CC0145F53E77DCD94A76665
PHONE.expectedSha256=E964FC8A89711B4F0F68B9BC93EB185BF77189E41CC0145F53E77DCD94A76665
PHONE.hashMatch=True
PHONE.versionCode=101060000 minSdk=31 targetSdk=36
PHONE.versionName=1.6.0
PHONE.lastUpdateTime=2026-09-09 23:04:16
PHONE.firstInstallTime=2026-09-02 19:15:43
PHONE.pid=10084
PHONE.fatalKeywords=False
WEAR.path=/data/app/~~IjSEqNdFy17xHhoDnPrtNw==/io.github.yingqiu0871.evolune-2C-KIPyBz4gL-XEyPAARzg==/base.apk
WEAR.sha256=B344C07CCB67DFEDCCE294EC8A655F6229B65D6C36A158E78461C25DBB8D5BA4
WEAR.expectedSha256=B344C07CCB67DFEDCCE294EC8A655F6229B65D6C36A158E78461C25DBB8D5BA4
WEAR.hashMatch=True
WEAR.versionCode=1101060000 minSdk=30 targetSdk=36
WEAR.versionName=1.6.0
WEAR.lastUpdateTime=2026-09-09 23:04:20
WEAR.firstInstallTime=2026-08-22 12:28:12
WEAR.pid=28272
WEAR.fatalKeywords=False
