To honour the JVM settings for this build a single-use Daemon process will be forked. For more on this, please refer to https://docs.gradle.org/9.2.1/userguide/gradle_daemon.html#sec:disabling_the_daemon in the Gradle documentation.
Daemon will be stopped at the end of the build

> Configure project :app
WARNING: The option setting 'android.overridePathCheck=true' is experimental.
The current default is 'false'.
WARNING: The option setting 'android.disallowKotlinSourceSets=false' is experimental.
The current default is 'true'.
Warning: SDK processing. This version only understands SDK XML versions up to 3 but an SDK XML file of version 4 was encountered. This can happen if you use versions of Android Studio and the command-line tools that were released at different times.

> Task :experience-core:checkKotlinGradlePluginConfigurationErrors SKIPPED
> Task :experience-core:processResources NO-SOURCE
> Task :experience-core:processTestResources NO-SOURCE
> Task :app:preBuild UP-TO-DATE
> Task :app:preDebugBuild UP-TO-DATE
> Task :app:generateDebugResources
> Task :app:packageDebugResources
> Task :app:processDebugNavigationResources
> Task :app:javaPreCompileDebug
> Task :app:parseDebugLocalResources
> Task :app:checkDebugAarMetadata
> Task :app:compileDebugNavigationResources
> Task :app:mapDebugSourceSetPaths
> Task :app:generateDebugRFile
> Task :app:createDebugCompatibleScreenManifests
> Task :app:extractDeepLinksDebug
> Task :app:mergeDebugResources
> Task :app:processDebugMainManifest
> Task :app:processDebugManifest
> Task :app:preDebugUnitTestBuild UP-TO-DATE
> Task :wear:preBuild UP-TO-DATE
> Task :wear:preDebugBuild UP-TO-DATE
> Task :app:javaPreCompileDebugUnitTest
> Task :wear:generateDebugResources
> Task :wear:packageDebugResources
> Task :wear:processDebugNavigationResources
> Task :wear:javaPreCompileDebug
> Task :wear:parseDebugLocalResources
> Task :wear:checkDebugAarMetadata
> Task :wear:compileDebugNavigationResources
> Task :wear:generateDebugRFile
> Task :wear:mapDebugSourceSetPaths
> Task :wear:createDebugCompatibleScreenManifests
> Task :wear:extractDeepLinksDebug
> Task :wear:processDebugMainManifest
> Task :wear:mergeDebugResources
> Task :wear:processDebugManifest
> Task :wear:preDebugUnitTestBuild UP-TO-DATE
> Task :app:preDebugAndroidTestBuild SKIPPED
> Task :wear:javaPreCompileDebugUnitTest
> Task :app:extractProguardFiles
> Task :wear:preDebugAndroidTestBuild SKIPPED
> Task :wear:extractProguardFiles
> Task :app:mergeDebugNativeDebugMetadata NO-SOURCE
> Task :app:generateDebugAssets UP-TO-DATE
> Task :app:mergeDebugAssets
> Task :app:compressDebugAssets
> Task :app:processDebugManifestForPackage
> Task :app:checkDebugDuplicateClasses
> Task :app:desugarDebugFileDependencies
> Task :app:mergeDebugJniLibFolders
> Task :app:validateSigningDebug
> Task :app:writeDebugAppMetadata
> Task :app:writeDebugSigningConfigVersions
> Task :wear:mergeDebugNativeDebugMetadata NO-SOURCE
> Task :wear:generateDebugAssets UP-TO-DATE
> Task :wear:mergeDebugAssets
> Task :wear:compressDebugAssets
> Task :wear:desugarDebugFileDependencies
> Task :wear:mergeDebugJniLibFolders
> Task :wear:validateSigningDebug
> Task :wear:writeDebugAppMetadata
> Task :wear:writeDebugSigningConfigVersions
> Task :wear:checkDebugDuplicateClasses
> Task :app:generateDebugAndroidTestResources
> Task :app:packageDebugAndroidTestResources
> Task :app:processDebugAndroidTestNavigationResources
> Task :app:generateDebugAndroidTestAssets UP-TO-DATE
> Task :app:javaPreCompileDebugAndroidTest
> Task :app:parseDebugAndroidTestLocalResources
> Task :app:mergeDebugAndroidTestAssets
> Task :app:generateDebugAndroidTestRFile
> Task :app:processDebugResources
> Task :app:compressDebugAndroidTestAssets
> Task :app:desugarDebugAndroidTestFileDependencies
> Task :app:checkDebugAndroidTestDuplicateClasses
> Task :app:checkDebugAndroidTestAarMetadata
> Task :app:compileDebugAndroidTestNavigationResources
> Task :app:mapDebugAndroidTestSourceSetPaths
> Task :experience-core:compileKotlin
> Task :experience-core:compileJava NO-SOURCE
> Task :experience-core:classes UP-TO-DATE
> Task :app:mergeDebugAndroidTestResources
> Task :experience-core:jar
> Task :app:mergeExtDexDebugAndroidTest
> Task :wear:mergeExtDexDebug
> Task :app:mergeLibDexDebug
> Task :app:mergeDebugNativeLibs
> Task :wear:mergeDebugNativeLibs NO-SOURCE
> Task :wear:mergeLibDexDebug
> Task :wear:stripDebugDebugSymbols NO-SOURCE
> Task :app:mergeLibDexDebugAndroidTest

> Task :app:stripDebugDebugSymbols
Unable to strip the following libraries, packaging them as they are: libandroidx.graphics.path.so, libdatastore_shared_counter.so. Run with --info option to learn more.

> Task :app:processDebugAndroidTestManifest
> Task :wear:processDebugManifestForPackage
> Task :app:mergeDebugAndroidTestJniLibFolders
> Task :app:mergeDebugAndroidTestNativeLibs NO-SOURCE
> Task :app:stripDebugAndroidTestDebugSymbols NO-SOURCE
> Task :app:validateSigningDebugAndroidTest
> Task :app:writeDebugAndroidTestSigningConfigVersions
> Task :wear:generateDebugAndroidTestResources
> Task :wear:packageDebugAndroidTestResources
> Task :wear:processDebugAndroidTestNavigationResources
> Task :wear:generateDebugAndroidTestAssets UP-TO-DATE
> Task :wear:javaPreCompileDebugAndroidTest
> Task :wear:parseDebugAndroidTestLocalResources
> Task :wear:mergeDebugAndroidTestAssets
> Task :wear:compressDebugAndroidTestAssets
> Task :wear:generateDebugAndroidTestRFile
> Task :wear:desugarDebugAndroidTestFileDependencies
> Task :wear:checkDebugAndroidTestDuplicateClasses
> Task :wear:checkDebugAndroidTestAarMetadata
> Task :wear:compileDebugAndroidTestNavigationResources
> Task :wear:mapDebugAndroidTestSourceSetPaths
> Task :wear:mergeLibDexDebugAndroidTest
> Task :wear:mergeDebugAndroidTestResources
> Task :wear:processDebugAndroidTestManifest
> Task :wear:mergeExtDexDebugAndroidTest
> Task :wear:mergeDebugAndroidTestJniLibFolders
> Task :wear:mergeDebugAndroidTestNativeLibs NO-SOURCE
> Task :wear:stripDebugAndroidTestDebugSymbols NO-SOURCE
> Task :wear:validateSigningDebugAndroidTest
> Task :wear:writeDebugAndroidTestSigningConfigVersions
> Task :app:processDebugAndroidTestResources
> Task :wear:processDebugAndroidTestResources
> Task :experience-core:compileTestKotlin
> Task :experience-core:compileTestJava NO-SOURCE
> Task :experience-core:testClasses UP-TO-DATE
> Task :wear:processDebugResources
> Task :experience-core:test
> Task :app:mergeExtDexDebug

> Task :wear:compileDebugKotlin
w: file:///D:/Evolune-Workspace/current/Evolune-v1.2/wear/src/main/java/io/github/yingqiu0871/evolune/wear/DoseTileService.kt:109:57 'constructor(): LayoutElementBuilders.Image.Builder' is deprecated. Deprecated in Java.
w: file:///D:/Evolune-Workspace/current/Evolune-v1.2/wear/src/main/java/io/github/yingqiu0871/evolune/wear/DoseTileService.kt:110:34 'fun setResourceId(p0: String): LayoutElementBuilders.Image.Builder' is deprecated. Deprecated in Java.
w: file:///D:/Evolune-Workspace/current/Evolune-v1.2/wear/src/main/java/io/github/yingqiu0871/evolune/wear/WearAppActivity.kt:326:16 'var statusBarColor: Int' is deprecated. Deprecated in Java.
w: file:///D:/Evolune-Workspace/current/Evolune-v1.2/wear/src/main/java/io/github/yingqiu0871/evolune/wear/WearAppActivity.kt:327:16 'var navigationBarColor: Int' is deprecated. Deprecated in Java.

> Task :wear:compileDebugJavaWithJavac NO-SOURCE
> Task :wear:processDebugJavaRes
> Task :wear:bundleDebugClassesToCompileJar
> Task :wear:bundleDebugClassesToRuntimeJar
> Task :wear:generateDebugLintReportModel
> Task :wear:generateDebugAndroidTestLintModel
> Task :wear:generateDebugUnitTestLintModel
> Task :wear:compileDebugUnitTestKotlin
> Task :wear:dexBuilderDebug
> Task :wear:compileDebugUnitTestJavaWithJavac NO-SOURCE
> Task :wear:processDebugUnitTestJavaRes
> Task :wear:mergeDebugJavaResource
> Task :wear:testDebugUnitTest
> Task :wear:mergeProjectDexDebug
> Task :wear:packageDebug
> Task :wear:createDebugApkListingFileRedirect
> Task :wear:assembleDebug
> Task :wear:compileDebugAndroidTestKotlin
> Task :wear:compileDebugAndroidTestJavaWithJavac NO-SOURCE
> Task :wear:processDebugAndroidTestJavaRes
> Task :wear:dexBuilderDebugAndroidTest
> Task :wear:mergeDebugAndroidTestJavaResource
> Task :wear:mergeProjectDexDebugAndroidTest
> Task :wear:packageDebugAndroidTest
> Task :wear:createDebugAndroidTestApkListingFileRedirect
> Task :wear:assembleDebugAndroidTest
> Task :app:kspDebugKotlin
> Task :wear:lintAnalyzeDebugAndroidTest
> Task :wear:lintAnalyzeDebugUnitTest
> Task :wear:lintAnalyzeDebug

> Task :wear:lintReportDebug
Wrote HTML report to file:///D:/Evolune-Workspace/current/Evolune-v1.2/wear/build/reports/lint-results-debug.html

> Task :wear:lintDebug

> Task :app:compileDebugKotlin
w: file:///D:/Evolune-Workspace/current/Evolune-v1.2/app/src/main/java/io/github/yingqiu0871/evolune/navigation/AppNavigation.kt:1027:56 'val Icons.Filled.ArrowBack: ImageVector' is deprecated. Use the AutoMirrored version at Icons.AutoMirrored.Filled.ArrowBack.
w: file:///D:/Evolune-Workspace/current/Evolune-v1.2/app/src/main/java/io/github/yingqiu0871/evolune/navigation/AppNavigation.kt:1080:37 'val Icons.Filled.List: ImageVector' is deprecated. Use the AutoMirrored version at Icons.AutoMirrored.Filled.List.
w: file:///D:/Evolune-Workspace/current/Evolune-v1.2/app/src/main/java/io/github/yingqiu0871/evolune/navigation/AppNavigation.kt:1081:41 'val Icons.Outlined.List: ImageVector' is deprecated. Use the AutoMirrored version at Icons.AutoMirrored.Outlined.List.
w: file:///D:/Evolune-Workspace/current/Evolune-v1.2/app/src/main/java/io/github/yingqiu0871/evolune/ui/components/MedicationRecordBottomSheet.kt:932:9 'fun ButtonGroup(modifier: Modifier = ..., expandedRatio: Float = ..., horizontalArrangement: Arrangement.Horizontal = ..., content: ComposableFunction1<ButtonGroupScope, Unit>): Unit' is deprecated. Please use the overload with overflowIndicator parameter. This overload will create a composable that is cut off if there are too many items to fit on the screen neatly.

> Task :app:compileDebugJavaWithJavac NO-SOURCE
> Task :app:processDebugJavaRes
> Task :app:generateDebugLintReportModel
> Task :app:bundleDebugClassesToCompileJar
> Task :app:bundleDebugClassesToRuntimeJar
> Task :app:generateDebugAndroidTestLintModel
> Task :app:generateDebugUnitTestLintModel
> Task :app:kspDebugUnitTestKotlin
> Task :app:dexBuilderDebug
> Task :app:mergeDebugJavaResource
> Task :app:mergeProjectDexDebug
> Task :app:packageDebug
> Task :app:createDebugApkListingFileRedirect
> Task :app:assembleDebug
> Task :app:kspDebugAndroidTestKotlin
> Task :app:compileDebugUnitTestKotlin
> Task :app:compileDebugUnitTestJavaWithJavac NO-SOURCE
> Task :app:processDebugUnitTestJavaRes

> Task :app:compileDebugAndroidTestKotlin
w: file:///D:/Evolune-Workspace/current/Evolune-v1.2/app/src/androidTest/java/io/github/yingqiu0871/evolune/data/AppDatabaseMigrationMatrixTest.kt:520:43 The corresponding parameter in the supertype 'Callback' is named 'db'. This may cause problems when calling this function with named arguments.
w: file:///D:/Evolune-Workspace/current/Evolune-v1.2/app/src/androidTest/java/io/github/yingqiu0871/evolune/data/AppDatabaseMigrationMatrixTest.kt:537:25 The corresponding parameter in the supertype 'Callback' is named 'db'. This may cause problems when calling this function with named arguments.
w: file:///D:/Evolune-Workspace/current/Evolune-v1.2/app/src/androidTest/java/io/github/yingqiu0871/evolune/data/AppDatabaseMigrationMatrixTest.kt:561:43 The corresponding parameter in the supertype 'Callback' is named 'db'. This may cause problems when calling this function with named arguments.
w: file:///D:/Evolune-Workspace/current/Evolune-v1.2/app/src/androidTest/java/io/github/yingqiu0871/evolune/data/AppDatabaseMigrationMatrixTest.kt:566:25 The corresponding parameter in the supertype 'Callback' is named 'db'. This may cause problems when calling this function with named arguments.
w: file:///D:/Evolune-Workspace/current/Evolune-v1.2/app/src/androidTest/java/io/github/yingqiu0871/evolune/data/AppDatabaseV2BaselineTest.kt:124:43 The corresponding parameter in the supertype 'Callback' is named 'db'. This may cause problems when calling this function with named arguments.
w: file:///D:/Evolune-Workspace/current/Evolune-v1.2/app/src/androidTest/java/io/github/yingqiu0871/evolune/data/AppDatabaseV2BaselineTest.kt:129:25 The corresponding parameter in the supertype 'Callback' is named 'db'. This may cause problems when calling this function with named arguments.
w: file:///D:/Evolune-Workspace/current/Evolune-v1.2/app/src/androidTest/java/io/github/yingqiu0871/evolune/data/migration/contract/AppDatabaseMigrationContractTest.kt:427:43 The corresponding parameter in the supertype 'Callback' is named 'db'. This may cause problems when calling this function with named arguments.
w: file:///D:/Evolune-Workspace/current/Evolune-v1.2/app/src/androidTest/java/io/github/yingqiu0871/evolune/data/migration/contract/AppDatabaseMigrationContractTest.kt:432:25 The corresponding parameter in the supertype 'Callback' is named 'db'. This may cause problems when calling this function with named arguments.
w: file:///D:/Evolune-Workspace/current/Evolune-v1.2/app/src/androidTest/java/io/github/yingqiu0871/evolune/ui/components/ContextualAuthorizationDialogTest.kt:14:23 'fun createComposeRule(effectContext: CoroutineContext = ...): ComposeContentTestRule' is deprecated. Use `androidx.compose.ui.test.junit4.v2.createComposeRule` instead. The v2 APIs use StandardTestDispatcher instead of UnconfinedTestDispatcher, which aligns with standard coroutine behavior by queuing tasks rather than executing them immediately. Tests relying on immediate execution may require explicit synchronization. Please refer to the migration guide for more details.
w: file:///D:/Evolune-Workspace/current/Evolune-v1.2/app/src/androidTest/java/io/github/yingqiu0871/evolune/ui/screens/AuthorizationGuidanceTest.kt:26:23 'fun createComposeRule(effectContext: CoroutineContext = ...): ComposeContentTestRule' is deprecated. Use `androidx.compose.ui.test.junit4.v2.createComposeRule` instead. The v2 APIs use StandardTestDispatcher instead of UnconfinedTestDispatcher, which aligns with standard coroutine behavior by queuing tasks rather than executing them immediately. Tests relying on immediate execution may require explicit synchronization. Please refer to the migration guide for more details.
w: file:///D:/Evolune-Workspace/current/Evolune-v1.2/app/src/androidTest/java/io/github/yingqiu0871/evolune/ui/screens/ColorRoleConformanceTest.kt:43:23 'fun createEmptyComposeRule(effectContext: CoroutineContext = ...): ComposeTestRule' is deprecated. Use `androidx.compose.ui.test.junit4.v2.createEmptyComposeRule` instead. The v2 APIs use StandardTestDispatcher instead of UnconfinedTestDispatcher, which aligns with standard coroutine behavior by queuing tasks rather than executing them immediately. Tests relying on immediate execution may require explicit synchronization. Please refer to the migration guide for more details.
w: file:///D:/Evolune-Workspace/current/Evolune-v1.2/app/src/androidTest/java/io/github/yingqiu0871/evolune/ui/screens/DisclosuresScreenTest.kt:24:23 'fun createComposeRule(effectContext: CoroutineContext = ...): ComposeContentTestRule' is deprecated. Use `androidx.compose.ui.test.junit4.v2.createComposeRule` instead. The v2 APIs use StandardTestDispatcher instead of UnconfinedTestDispatcher, which aligns with standard coroutine behavior by queuing tasks rather than executing them immediately. Tests relying on immediate execution may require explicit synchronization. Please refer to the migration guide for more details.
w: file:///D:/Evolune-Workspace/current/Evolune-v1.2/app/src/androidTest/java/io/github/yingqiu0871/evolune/ui/screens/FeatureTutorialNavigationTest.kt:31:23 'fun createEmptyComposeRule(effectContext: CoroutineContext = ...): ComposeTestRule' is deprecated. Use `androidx.compose.ui.test.junit4.v2.createEmptyComposeRule` instead. The v2 APIs use StandardTestDispatcher instead of UnconfinedTestDispatcher, which aligns with standard coroutine behavior by queuing tasks rather than executing them immediately. Tests relying on immediate execution may require explicit synchronization. Please refer to the migration guide for more details.
w: file:///D:/Evolune-Workspace/current/Evolune-v1.2/app/src/androidTest/java/io/github/yingqiu0871/evolune/ui/screens/FeatureTutorialScreenTest.kt:24:23 'fun createComposeRule(effectContext: CoroutineContext = ...): ComposeContentTestRule' is deprecated. Use `androidx.compose.ui.test.junit4.v2.createComposeRule` instead. The v2 APIs use StandardTestDispatcher instead of UnconfinedTestDispatcher, which aligns with standard coroutine behavior by queuing tasks rather than executing them immediately. Tests relying on immediate execution may require explicit synchronization. Please refer to the migration guide for more details.
w: file:///D:/Evolune-Workspace/current/Evolune-v1.2/app/src/androidTest/java/io/github/yingqiu0871/evolune/ui/screens/FoldableNavigationLayoutTest.kt:29:23 'fun <reified A : ComponentActivity> createAndroidComposeRule(effectContext: CoroutineContext = ...): AndroidComposeTestRule<ActivityScenarioRule<A>, A>' is deprecated. Use `androidx.compose.ui.test.junit4.v2.createAndroidComposeRule` instead. The v2 APIs use StandardTestDispatcher instead of UnconfinedTestDispatcher, which aligns with standard coroutine behavior by queuing tasks rather than executing them immediately. Tests relying on immediate execution may require explicit synchronization. Please refer to the migration guide for more details.
w: file:///D:/Evolune-Workspace/current/Evolune-v1.2/app/src/androidTest/java/io/github/yingqiu0871/evolune/ui/screens/HealthConnectSyncScreenTest.kt:26:23 'fun createComposeRule(effectContext: CoroutineContext = ...): ComposeContentTestRule' is deprecated. Use `androidx.compose.ui.test.junit4.v2.createComposeRule` instead. The v2 APIs use StandardTestDispatcher instead of UnconfinedTestDispatcher, which aligns with standard coroutine behavior by queuing tasks rather than executing them immediately. Tests relying on immediate execution may require explicit synchronization. Please refer to the migration guide for more details.
w: file:///D:/Evolune-Workspace/current/Evolune-v1.2/app/src/androidTest/java/io/github/yingqiu0871/evolune/ui/screens/MedicationPlansScreenTest.kt:66:23 'fun createComposeRule(effectContext: CoroutineContext = ...): ComposeContentTestRule' is deprecated. Use `androidx.compose.ui.test.junit4.v2.createComposeRule` instead. The v2 APIs use StandardTestDispatcher instead of UnconfinedTestDispatcher, which aligns with standard coroutine behavior by queuing tasks rather than executing them immediately. Tests relying on immediate execution may require explicit synchronization. Please refer to the migration guide for more details.
w: file:///D:/Evolune-Workspace/current/Evolune-v1.2/app/src/androidTest/java/io/github/yingqiu0871/evolune/ui/screens/MedicationRecordsScreenTest.kt:69:23 'fun createComposeRule(effectContext: CoroutineContext = ...): ComposeContentTestRule' is deprecated. Use `androidx.compose.ui.test.junit4.v2.createComposeRule` instead. The v2 APIs use StandardTestDispatcher instead of UnconfinedTestDispatcher, which aligns with standard coroutine behavior by queuing tasks rather than executing them immediately. Tests relying on immediate execution may require explicit synchronization. Please refer to the migration guide for more details.
w: file:///D:/Evolune-Workspace/current/Evolune-v1.2/app/src/androidTest/java/io/github/yingqiu0871/evolune/ui/screens/OnboardingFlowScreenTest.kt:26:23 'fun createComposeRule(effectContext: CoroutineContext = ...): ComposeContentTestRule' is deprecated. Use `androidx.compose.ui.test.junit4.v2.createComposeRule` instead. The v2 APIs use StandardTestDispatcher instead of UnconfinedTestDispatcher, which aligns with standard coroutine behavior by queuing tasks rather than executing them immediately. Tests relying on immediate execution may require explicit synchronization. Please refer to the migration guide for more details.
w: file:///D:/Evolune-Workspace/current/Evolune-v1.2/app/src/androidTest/java/io/github/yingqiu0871/evolune/ui/screens/RealAppImeFrameProbeTest.kt:48:23 'fun <reified A : ComponentActivity> createAndroidComposeRule(effectContext: CoroutineContext = ...): AndroidComposeTestRule<ActivityScenarioRule<A>, A>' is deprecated. Use `androidx.compose.ui.test.junit4.v2.createAndroidComposeRule` instead. The v2 APIs use StandardTestDispatcher instead of UnconfinedTestDispatcher, which aligns with standard coroutine behavior by queuing tasks rather than executing them immediately. Tests relying on immediate execution may require explicit synchronization. Please refer to the migration guide for more details.
w: file:///D:/Evolune-Workspace/current/Evolune-v1.2/app/src/androidTest/java/io/github/yingqiu0871/evolune/ui/screens/SettingsCategoryScreenTest.kt:24:23 'fun createComposeRule(effectContext: CoroutineContext = ...): ComposeContentTestRule' is deprecated. Use `androidx.compose.ui.test.junit4.v2.createComposeRule` instead. The v2 APIs use StandardTestDispatcher instead of UnconfinedTestDispatcher, which aligns with standard coroutine behavior by queuing tasks rather than executing them immediately. Tests relying on immediate execution may require explicit synchronization. Please refer to the migration guide for more details.
w: file:///D:/Evolune-Workspace/current/Evolune-v1.2/app/src/androidTest/java/io/github/yingqiu0871/evolune/ui/screens/SyncAndBackupNavigationTest.kt:34:23 'fun createEmptyComposeRule(effectContext: CoroutineContext = ...): ComposeTestRule' is deprecated. Use `androidx.compose.ui.test.junit4.v2.createEmptyComposeRule` instead. The v2 APIs use StandardTestDispatcher instead of UnconfinedTestDispatcher, which aligns with standard coroutine behavior by queuing tasks rather than executing them immediately. Tests relying on immediate execution may require explicit synchronization. Please refer to the migration guide for more details.
w: file:///D:/Evolune-Workspace/current/Evolune-v1.2/app/src/androidTest/java/io/github/yingqiu0871/evolune/ui/screens/SyncAndBackupScreenTest.kt:21:23 'fun createComposeRule(effectContext: CoroutineContext = ...): ComposeContentTestRule' is deprecated. Use `androidx.compose.ui.test.junit4.v2.createComposeRule` instead. The v2 APIs use StandardTestDispatcher instead of UnconfinedTestDispatcher, which aligns with standard coroutine behavior by queuing tasks rather than executing them immediately. Tests relying on immediate execution may require explicit synchronization. Please refer to the migration guide for more details.

> Task :app:lintAnalyzeDebug
> Task :app:lintAnalyzeDebugAndroidTest
> Task :app:lintAnalyzeDebugUnitTest
> Task :app:testDebugUnitTest
> Task :app:compileDebugAndroidTestJavaWithJavac NO-SOURCE
> Task :app:processDebugAndroidTestJavaRes
> Task :app:mergeDebugAndroidTestJavaResource
> Task :app:dexBuilderDebugAndroidTest
> Task :app:mergeProjectDexDebugAndroidTest
> Task :app:packageDebugAndroidTest
> Task :app:createDebugAndroidTestApkListingFileRedirect
> Task :app:assembleDebugAndroidTest

> Task :app:lintReportDebug
Wrote HTML report to file:///D:/Evolune-Workspace/current/Evolune-v1.2/app/build/reports/lint-results-debug.html

> Task :app:lintDebug

BUILD SUCCESSFUL in 2m 9s
161 actionable tasks: 161 executed
Consider enabling configuration cache to speed up this build: https://docs.gradle.org/9.2.1/userguide/configuration_cache_enabling.html
