
> Configure project :app
WARNING: The option setting 'android.overridePathCheck=true' is experimental.
The current default is 'false'.
WARNING: The option setting 'android.disallowKotlinSourceSets=false' is experimental.
The current default is 'true'.

> Task :experience-core:checkKotlinGradlePluginConfigurationErrors SKIPPED
> Task :experience-core:compileKotlin UP-TO-DATE
> Task :experience-core:compileJava NO-SOURCE
> Task :experience-core:processResources NO-SOURCE
> Task :experience-core:classes UP-TO-DATE
> Task :experience-core:jar UP-TO-DATE
> Task :app:preBuild UP-TO-DATE
> Task :app:preDebugBuild UP-TO-DATE
> Task :app:generateDebugResources UP-TO-DATE
> Task :app:packageDebugResources UP-TO-DATE
> Task :app:processDebugNavigationResources UP-TO-DATE
> Task :app:parseDebugLocalResources UP-TO-DATE
> Task :app:generateDebugRFile UP-TO-DATE
> Task :app:kspDebugKotlin UP-TO-DATE
> Task :app:compileDebugKotlin UP-TO-DATE
> Task :app:javaPreCompileDebug UP-TO-DATE
> Task :app:compileDebugJavaWithJavac NO-SOURCE
> Task :app:checkDebugAarMetadata UP-TO-DATE
> Task :app:compileDebugNavigationResources UP-TO-DATE
> Task :app:mapDebugSourceSetPaths UP-TO-DATE
> Task :app:mergeDebugResources UP-TO-DATE
> Task :app:createDebugCompatibleScreenManifests UP-TO-DATE
> Task :app:extractDeepLinksDebug UP-TO-DATE
> Task :app:processDebugMainManifest UP-TO-DATE
> Task :app:processDebugManifest UP-TO-DATE
> Task :app:processDebugManifestForPackage UP-TO-DATE
> Task :app:processDebugResources UP-TO-DATE
> Task :app:bundleDebugClassesToCompileJar UP-TO-DATE
> Task :app:preDebugAndroidTestBuild SKIPPED
> Task :app:generateDebugAndroidTestResources
> Task :app:packageDebugAndroidTestResources
> Task :app:processDebugAndroidTestNavigationResources
> Task :app:parseDebugAndroidTestLocalResources
> Task :app:generateDebugAssets UP-TO-DATE
> Task :app:javaPreCompileDebugAndroidTest
> Task :app:generateDebugAndroidTestRFile
> Task :app:mergeDebugAssets UP-TO-DATE
> Task :app:compressDebugAssets UP-TO-DATE
> Task :app:processDebugJavaRes UP-TO-DATE
> Task :app:mergeDebugJavaResource UP-TO-DATE
> Task :app:checkDebugDuplicateClasses UP-TO-DATE
> Task :app:desugarDebugFileDependencies UP-TO-DATE
> Task :app:mergeExtDexDebug UP-TO-DATE
> Task :app:mergeLibDexDebug UP-TO-DATE
> Task :app:dexBuilderDebug UP-TO-DATE
> Task :app:mergeProjectDexDebug UP-TO-DATE
> Task :app:mergeDebugJniLibFolders UP-TO-DATE
> Task :app:mergeDebugNativeLibs UP-TO-DATE
> Task :app:stripDebugDebugSymbols UP-TO-DATE
> Task :app:validateSigningDebug UP-TO-DATE
> Task :app:writeDebugAppMetadata UP-TO-DATE
> Task :app:writeDebugSigningConfigVersions UP-TO-DATE
> Task :app:packageDebug UP-TO-DATE
> Task :app:createDebugApkListingFileRedirect UP-TO-DATE
> Task :app:generateDebugAndroidTestAssets UP-TO-DATE
> Task :app:mergeDebugAndroidTestAssets
> Task :app:compressDebugAndroidTestAssets
> Task :app:desugarDebugAndroidTestFileDependencies
> Task :app:checkDebugAndroidTestDuplicateClasses
> Task :app:checkDebugAndroidTestAarMetadata
> Task :app:compileDebugAndroidTestNavigationResources
> Task :app:mergeLibDexDebugAndroidTest
> Task :app:mapDebugAndroidTestSourceSetPaths
> Task :app:mergeExtDexDebugAndroidTest
> Task :app:processDebugAndroidTestManifest
> Task :app:mergeDebugAndroidTestJniLibFolders
> Task :app:mergeDebugAndroidTestResources
> Task :app:mergeDebugAndroidTestNativeLibs NO-SOURCE
> Task :app:stripDebugAndroidTestDebugSymbols NO-SOURCE
> Task :app:validateSigningDebugAndroidTest
> Task :app:writeDebugAndroidTestSigningConfigVersions
> Task :app:processDebugAndroidTestResources
> Task :app:kspDebugAndroidTestKotlin

> Task :app:compileDebugAndroidTestKotlin
w: file:///D:/Evolune-Workspace/worktrees/Evolune-v1.7.4/app/src/androidTest/java/io/github/yingqiu0871/evolune/data/AppDatabaseMigrationMatrixTest.kt:521:43 The corresponding parameter in the supertype 'Callback' is named 'db'. This may cause problems when calling this function with named arguments.
w: file:///D:/Evolune-Workspace/worktrees/Evolune-v1.7.4/app/src/androidTest/java/io/github/yingqiu0871/evolune/data/AppDatabaseMigrationMatrixTest.kt:538:25 The corresponding parameter in the supertype 'Callback' is named 'db'. This may cause problems when calling this function with named arguments.
w: file:///D:/Evolune-Workspace/worktrees/Evolune-v1.7.4/app/src/androidTest/java/io/github/yingqiu0871/evolune/data/AppDatabaseMigrationMatrixTest.kt:562:43 The corresponding parameter in the supertype 'Callback' is named 'db'. This may cause problems when calling this function with named arguments.
w: file:///D:/Evolune-Workspace/worktrees/Evolune-v1.7.4/app/src/androidTest/java/io/github/yingqiu0871/evolune/data/AppDatabaseMigrationMatrixTest.kt:567:25 The corresponding parameter in the supertype 'Callback' is named 'db'. This may cause problems when calling this function with named arguments.
w: file:///D:/Evolune-Workspace/worktrees/Evolune-v1.7.4/app/src/androidTest/java/io/github/yingqiu0871/evolune/data/AppDatabaseV2BaselineTest.kt:124:43 The corresponding parameter in the supertype 'Callback' is named 'db'. This may cause problems when calling this function with named arguments.
w: file:///D:/Evolune-Workspace/worktrees/Evolune-v1.7.4/app/src/androidTest/java/io/github/yingqiu0871/evolune/data/AppDatabaseV2BaselineTest.kt:129:25 The corresponding parameter in the supertype 'Callback' is named 'db'. This may cause problems when calling this function with named arguments.
w: file:///D:/Evolune-Workspace/worktrees/Evolune-v1.7.4/app/src/androidTest/java/io/github/yingqiu0871/evolune/data/migration/contract/AppDatabaseMigrationContractTest.kt:427:43 The corresponding parameter in the supertype 'Callback' is named 'db'. This may cause problems when calling this function with named arguments.
w: file:///D:/Evolune-Workspace/worktrees/Evolune-v1.7.4/app/src/androidTest/java/io/github/yingqiu0871/evolune/data/migration/contract/AppDatabaseMigrationContractTest.kt:432:25 The corresponding parameter in the supertype 'Callback' is named 'db'. This may cause problems when calling this function with named arguments.
w: file:///D:/Evolune-Workspace/worktrees/Evolune-v1.7.4/app/src/androidTest/java/io/github/yingqiu0871/evolune/history/HistorySavedStateFactoryTest.kt:59:23 'fun createEmptyComposeRule(effectContext: CoroutineContext = ...): ComposeTestRule' is deprecated. Use `androidx.compose.ui.test.junit4.v2.createEmptyComposeRule` instead. The v2 APIs use StandardTestDispatcher instead of UnconfinedTestDispatcher, which aligns with standard coroutine behavior by queuing tasks rather than executing them immediately. Tests relying on immediate execution may require explicit synchronization. Please refer to the migration guide for more details.
w: file:///D:/Evolune-Workspace/worktrees/Evolune-v1.7.4/app/src/androidTest/java/io/github/yingqiu0871/evolune/history/HistorySavedStateFactoryTest.kt:146:43 'fun get(p0: String!): Any?' is deprecated. Deprecated in Java.
w: file:///D:/Evolune-Workspace/worktrees/Evolune-v1.7.4/app/src/androidTest/java/io/github/yingqiu0871/evolune/history/insights/InsightsSavedStateFactoryTest.kt:131:43 'fun get(p0: String!): Any?' is deprecated. Deprecated in Java.
w: file:///D:/Evolune-Workspace/worktrees/Evolune-v1.7.4/app/src/androidTest/java/io/github/yingqiu0871/evolune/history/insights/InsightsSurfaceLifecycleTest.kt:38:23 'fun <reified A : ComponentActivity> createAndroidComposeRule(effectContext: CoroutineContext = ...): AndroidComposeTestRule<ActivityScenarioRule<A>, A>' is deprecated. Use `androidx.compose.ui.test.junit4.v2.createAndroidComposeRule` instead. The v2 APIs use StandardTestDispatcher instead of UnconfinedTestDispatcher, which aligns with standard coroutine behavior by queuing tasks rather than executing them immediately. Tests relying on immediate execution may require explicit synchronization. Please refer to the migration guide for more details.
w: file:///D:/Evolune-Workspace/worktrees/Evolune-v1.7.4/app/src/androidTest/java/io/github/yingqiu0871/evolune/ui/components/ContextualAuthorizationDialogTest.kt:14:23 'fun createComposeRule(effectContext: CoroutineContext = ...): ComposeContentTestRule' is deprecated. Use `androidx.compose.ui.test.junit4.v2.createComposeRule` instead. The v2 APIs use StandardTestDispatcher instead of UnconfinedTestDispatcher, which aligns with standard coroutine behavior by queuing tasks rather than executing them immediately. Tests relying on immediate execution may require explicit synchronization. Please refer to the migration guide for more details.
w: file:///D:/Evolune-Workspace/worktrees/Evolune-v1.7.4/app/src/androidTest/java/io/github/yingqiu0871/evolune/ui/screens/AuthorizationGuidanceTest.kt:27:23 'fun createComposeRule(effectContext: CoroutineContext = ...): ComposeContentTestRule' is deprecated. Use `androidx.compose.ui.test.junit4.v2.createComposeRule` instead. The v2 APIs use StandardTestDispatcher instead of UnconfinedTestDispatcher, which aligns with standard coroutine behavior by queuing tasks rather than executing them immediately. Tests relying on immediate execution may require explicit synchronization. Please refer to the migration guide for more details.
w: file:///D:/Evolune-Workspace/worktrees/Evolune-v1.7.4/app/src/androidTest/java/io/github/yingqiu0871/evolune/ui/screens/ColorRoleConformanceTest.kt:43:23 'fun createEmptyComposeRule(effectContext: CoroutineContext = ...): ComposeTestRule' is deprecated. Use `androidx.compose.ui.test.junit4.v2.createEmptyComposeRule` instead. The v2 APIs use StandardTestDispatcher instead of UnconfinedTestDispatcher, which aligns with standard coroutine behavior by queuing tasks rather than executing them immediately. Tests relying on immediate execution may require explicit synchronization. Please refer to the migration guide for more details.
w: file:///D:/Evolune-Workspace/worktrees/Evolune-v1.7.4/app/src/androidTest/java/io/github/yingqiu0871/evolune/ui/screens/DataImportExportScreenTest.kt:29:23 'fun createComposeRule(effectContext: CoroutineContext = ...): ComposeContentTestRule' is deprecated. Use `androidx.compose.ui.test.junit4.v2.createComposeRule` instead. The v2 APIs use StandardTestDispatcher instead of UnconfinedTestDispatcher, which aligns with standard coroutine behavior by queuing tasks rather than executing them immediately. Tests relying on immediate execution may require explicit synchronization. Please refer to the migration guide for more details.
w: file:///D:/Evolune-Workspace/worktrees/Evolune-v1.7.4/app/src/androidTest/java/io/github/yingqiu0871/evolune/ui/screens/DisclosuresScreenTest.kt:24:23 'fun createComposeRule(effectContext: CoroutineContext = ...): ComposeContentTestRule' is deprecated. Use `androidx.compose.ui.test.junit4.v2.createComposeRule` instead. The v2 APIs use StandardTestDispatcher instead of UnconfinedTestDispatcher, which aligns with standard coroutine behavior by queuing tasks rather than executing them immediately. Tests relying on immediate execution may require explicit synchronization. Please refer to the migration guide for more details.
w: file:///D:/Evolune-Workspace/worktrees/Evolune-v1.7.4/app/src/androidTest/java/io/github/yingqiu0871/evolune/ui/screens/FeatureTutorialNavigationTest.kt:31:23 'fun createEmptyComposeRule(effectContext: CoroutineContext = ...): ComposeTestRule' is deprecated. Use `androidx.compose.ui.test.junit4.v2.createEmptyComposeRule` instead. The v2 APIs use StandardTestDispatcher instead of UnconfinedTestDispatcher, which aligns with standard coroutine behavior by queuing tasks rather than executing them immediately. Tests relying on immediate execution may require explicit synchronization. Please refer to the migration guide for more details.
w: file:///D:/Evolune-Workspace/worktrees/Evolune-v1.7.4/app/src/androidTest/java/io/github/yingqiu0871/evolune/ui/screens/FeatureTutorialScreenTest.kt:24:23 'fun createComposeRule(effectContext: CoroutineContext = ...): ComposeContentTestRule' is deprecated. Use `androidx.compose.ui.test.junit4.v2.createComposeRule` instead. The v2 APIs use StandardTestDispatcher instead of UnconfinedTestDispatcher, which aligns with standard coroutine behavior by queuing tasks rather than executing them immediately. Tests relying on immediate execution may require explicit synchronization. Please refer to the migration guide for more details.
w: file:///D:/Evolune-Workspace/worktrees/Evolune-v1.7.4/app/src/androidTest/java/io/github/yingqiu0871/evolune/ui/screens/FoldableNavigationLayoutTest.kt:29:23 'fun <reified A : ComponentActivity> createAndroidComposeRule(effectContext: CoroutineContext = ...): AndroidComposeTestRule<ActivityScenarioRule<A>, A>' is deprecated. Use `androidx.compose.ui.test.junit4.v2.createAndroidComposeRule` instead. The v2 APIs use StandardTestDispatcher instead of UnconfinedTestDispatcher, which aligns with standard coroutine behavior by queuing tasks rather than executing them immediately. Tests relying on immediate execution may require explicit synchronization. Please refer to the migration guide for more details.
w: file:///D:/Evolune-Workspace/worktrees/Evolune-v1.7.4/app/src/androidTest/java/io/github/yingqiu0871/evolune/ui/screens/HealthConnectSyncScreenTest.kt:24:23 'fun createComposeRule(effectContext: CoroutineContext = ...): ComposeContentTestRule' is deprecated. Use `androidx.compose.ui.test.junit4.v2.createComposeRule` instead. The v2 APIs use StandardTestDispatcher instead of UnconfinedTestDispatcher, which aligns with standard coroutine behavior by queuing tasks rather than executing them immediately. Tests relying on immediate execution may require explicit synchronization. Please refer to the migration guide for more details.
w: file:///D:/Evolune-Workspace/worktrees/Evolune-v1.7.4/app/src/androidTest/java/io/github/yingqiu0871/evolune/ui/screens/HistoryCalendarGeometryTest.kt:40:23 'fun createComposeRule(effectContext: CoroutineContext = ...): ComposeContentTestRule' is deprecated. Use `androidx.compose.ui.test.junit4.v2.createComposeRule` instead. The v2 APIs use StandardTestDispatcher instead of UnconfinedTestDispatcher, which aligns with standard coroutine behavior by queuing tasks rather than executing them immediately. Tests relying on immediate execution may require explicit synchronization. Please refer to the migration guide for more details.
w: file:///D:/Evolune-Workspace/worktrees/Evolune-v1.7.4/app/src/androidTest/java/io/github/yingqiu0871/evolune/ui/screens/HistoryNavigationTest.kt:40:23 'fun createEmptyComposeRule(effectContext: CoroutineContext = ...): ComposeTestRule' is deprecated. Use `androidx.compose.ui.test.junit4.v2.createEmptyComposeRule` instead. The v2 APIs use StandardTestDispatcher instead of UnconfinedTestDispatcher, which aligns with standard coroutine behavior by queuing tasks rather than executing them immediately. Tests relying on immediate execution may require explicit synchronization. Please refer to the migration guide for more details.
w: file:///D:/Evolune-Workspace/worktrees/Evolune-v1.7.4/app/src/androidTest/java/io/github/yingqiu0871/evolune/ui/screens/HistoryRefreshDeviceTest.kt:49:23 'fun createEmptyComposeRule(effectContext: CoroutineContext = ...): ComposeTestRule' is deprecated. Use `androidx.compose.ui.test.junit4.v2.createEmptyComposeRule` instead. The v2 APIs use StandardTestDispatcher instead of UnconfinedTestDispatcher, which aligns with standard coroutine behavior by queuing tasks rather than executing them immediately. Tests relying on immediate execution may require explicit synchronization. Please refer to the migration guide for more details.
w: file:///D:/Evolune-Workspace/worktrees/Evolune-v1.7.4/app/src/androidTest/java/io/github/yingqiu0871/evolune/ui/screens/HistoryScreenTest.kt:70:23 'fun createComposeRule(effectContext: CoroutineContext = ...): ComposeContentTestRule' is deprecated. Use `androidx.compose.ui.test.junit4.v2.createComposeRule` instead. The v2 APIs use StandardTestDispatcher instead of UnconfinedTestDispatcher, which aligns with standard coroutine behavior by queuing tasks rather than executing them immediately. Tests relying on immediate execution may require explicit synchronization. Please refer to the migration guide for more details.
w: file:///D:/Evolune-Workspace/worktrees/Evolune-v1.7.4/app/src/androidTest/java/io/github/yingqiu0871/evolune/ui/screens/HistoryVisualEvidenceTest.kt:56:23 'fun createComposeRule(effectContext: CoroutineContext = ...): ComposeContentTestRule' is deprecated. Use `androidx.compose.ui.test.junit4.v2.createComposeRule` instead. The v2 APIs use StandardTestDispatcher instead of UnconfinedTestDispatcher, which aligns with standard coroutine behavior by queuing tasks rather than executing them immediately. Tests relying on immediate execution may require explicit synchronization. Please refer to the migration guide for more details.
w: file:///D:/Evolune-Workspace/worktrees/Evolune-v1.7.4/app/src/androidTest/java/io/github/yingqiu0871/evolune/ui/screens/MedicationPlansScreenTest.kt:66:23 'fun createComposeRule(effectContext: CoroutineContext = ...): ComposeContentTestRule' is deprecated. Use `androidx.compose.ui.test.junit4.v2.createComposeRule` instead. The v2 APIs use StandardTestDispatcher instead of UnconfinedTestDispatcher, which aligns with standard coroutine behavior by queuing tasks rather than executing them immediately. Tests relying on immediate execution may require explicit synchronization. Please refer to the migration guide for more details.
w: file:///D:/Evolune-Workspace/worktrees/Evolune-v1.7.4/app/src/androidTest/java/io/github/yingqiu0871/evolune/ui/screens/MedicationRecordsScreenTest.kt:70:23 'fun createComposeRule(effectContext: CoroutineContext = ...): ComposeContentTestRule' is deprecated. Use `androidx.compose.ui.test.junit4.v2.createComposeRule` instead. The v2 APIs use StandardTestDispatcher instead of UnconfinedTestDispatcher, which aligns with standard coroutine behavior by queuing tasks rather than executing them immediately. Tests relying on immediate execution may require explicit synchronization. Please refer to the migration guide for more details.
w: file:///D:/Evolune-Workspace/worktrees/Evolune-v1.7.4/app/src/androidTest/java/io/github/yingqiu0871/evolune/ui/screens/OnboardingFlowScreenTest.kt:26:23 'fun createComposeRule(effectContext: CoroutineContext = ...): ComposeContentTestRule' is deprecated. Use `androidx.compose.ui.test.junit4.v2.createComposeRule` instead. The v2 APIs use StandardTestDispatcher instead of UnconfinedTestDispatcher, which aligns with standard coroutine behavior by queuing tasks rather than executing them immediately. Tests relying on immediate execution may require explicit synchronization. Please refer to the migration guide for more details.
w: file:///D:/Evolune-Workspace/worktrees/Evolune-v1.7.4/app/src/androidTest/java/io/github/yingqiu0871/evolune/ui/screens/RealAppImeFrameProbeTest.kt:48:23 'fun <reified A : ComponentActivity> createAndroidComposeRule(effectContext: CoroutineContext = ...): AndroidComposeTestRule<ActivityScenarioRule<A>, A>' is deprecated. Use `androidx.compose.ui.test.junit4.v2.createAndroidComposeRule` instead. The v2 APIs use StandardTestDispatcher instead of UnconfinedTestDispatcher, which aligns with standard coroutine behavior by queuing tasks rather than executing them immediately. Tests relying on immediate execution may require explicit synchronization. Please refer to the migration guide for more details.
w: file:///D:/Evolune-Workspace/worktrees/Evolune-v1.7.4/app/src/androidTest/java/io/github/yingqiu0871/evolune/ui/screens/SettingsCategoryScreenTest.kt:30:23 'fun createComposeRule(effectContext: CoroutineContext = ...): ComposeContentTestRule' is deprecated. Use `androidx.compose.ui.test.junit4.v2.createComposeRule` instead. The v2 APIs use StandardTestDispatcher instead of UnconfinedTestDispatcher, which aligns with standard coroutine behavior by queuing tasks rather than executing them immediately. Tests relying on immediate execution may require explicit synchronization. Please refer to the migration guide for more details.
w: file:///D:/Evolune-Workspace/worktrees/Evolune-v1.7.4/app/src/androidTest/java/io/github/yingqiu0871/evolune/ui/screens/SettingsPaletteSelectorTest.kt:27:23 'fun createComposeRule(effectContext: CoroutineContext = ...): ComposeContentTestRule' is deprecated. Use `androidx.compose.ui.test.junit4.v2.createComposeRule` instead. The v2 APIs use StandardTestDispatcher instead of UnconfinedTestDispatcher, which aligns with standard coroutine behavior by queuing tasks rather than executing them immediately. Tests relying on immediate execution may require explicit synchronization. Please refer to the migration guide for more details.
w: file:///D:/Evolune-Workspace/worktrees/Evolune-v1.7.4/app/src/androidTest/java/io/github/yingqiu0871/evolune/ui/screens/SliceCSettingsSmokeTest.kt:43:23 'fun createEmptyComposeRule(effectContext: CoroutineContext = ...): ComposeTestRule' is deprecated. Use `androidx.compose.ui.test.junit4.v2.createEmptyComposeRule` instead. The v2 APIs use StandardTestDispatcher instead of UnconfinedTestDispatcher, which aligns with standard coroutine behavior by queuing tasks rather than executing them immediately. Tests relying on immediate execution may require explicit synchronization. Please refer to the migration guide for more details.
w: file:///D:/Evolune-Workspace/worktrees/Evolune-v1.7.4/app/src/androidTest/java/io/github/yingqiu0871/evolune/ui/screens/SyncAndBackupNavigationTest.kt:31:23 'fun createEmptyComposeRule(effectContext: CoroutineContext = ...): ComposeTestRule' is deprecated. Use `androidx.compose.ui.test.junit4.v2.createEmptyComposeRule` instead. The v2 APIs use StandardTestDispatcher instead of UnconfinedTestDispatcher, which aligns with standard coroutine behavior by queuing tasks rather than executing them immediately. Tests relying on immediate execution may require explicit synchronization. Please refer to the migration guide for more details.
w: file:///D:/Evolune-Workspace/worktrees/Evolune-v1.7.4/app/src/androidTest/java/io/github/yingqiu0871/evolune/ui/screens/SyncAndBackupScreenTest.kt:25:23 'fun createComposeRule(effectContext: CoroutineContext = ...): ComposeContentTestRule' is deprecated. Use `androidx.compose.ui.test.junit4.v2.createComposeRule` instead. The v2 APIs use StandardTestDispatcher instead of UnconfinedTestDispatcher, which aligns with standard coroutine behavior by queuing tasks rather than executing them immediately. Tests relying on immediate execution may require explicit synchronization. Please refer to the migration guide for more details.
w: file:///D:/Evolune-Workspace/worktrees/Evolune-v1.7.4/app/src/androidTest/java/io/github/yingqiu0871/evolune/ui/screens/insights/InsightsNavigationTest.kt:35:23 'fun createEmptyComposeRule(effectContext: CoroutineContext = ...): ComposeTestRule' is deprecated. Use `androidx.compose.ui.test.junit4.v2.createEmptyComposeRule` instead. The v2 APIs use StandardTestDispatcher instead of UnconfinedTestDispatcher, which aligns with standard coroutine behavior by queuing tasks rather than executing them immediately. Tests relying on immediate execution may require explicit synchronization. Please refer to the migration guide for more details.
w: file:///D:/Evolune-Workspace/worktrees/Evolune-v1.7.4/app/src/androidTest/java/io/github/yingqiu0871/evolune/ui/screens/insights/InsightsReleaseGateTest.kt:40:23 'fun createEmptyComposeRule(effectContext: CoroutineContext = ...): ComposeTestRule' is deprecated. Use `androidx.compose.ui.test.junit4.v2.createEmptyComposeRule` instead. The v2 APIs use StandardTestDispatcher instead of UnconfinedTestDispatcher, which aligns with standard coroutine behavior by queuing tasks rather than executing them immediately. Tests relying on immediate execution may require explicit synchronization. Please refer to the migration guide for more details.
w: file:///D:/Evolune-Workspace/worktrees/Evolune-v1.7.4/app/src/androidTest/java/io/github/yingqiu0871/evolune/ui/screens/insights/InsightsScreenTest.kt:78:23 'fun createComposeRule(effectContext: CoroutineContext = ...): ComposeContentTestRule' is deprecated. Use `androidx.compose.ui.test.junit4.v2.createComposeRule` instead. The v2 APIs use StandardTestDispatcher instead of UnconfinedTestDispatcher, which aligns with standard coroutine behavior by queuing tasks rather than executing them immediately. Tests relying on immediate execution may require explicit synchronization. Please refer to the migration guide for more details.
w: file:///D:/Evolune-Workspace/worktrees/Evolune-v1.7.4/app/src/androidTest/java/io/github/yingqiu0871/evolune/ui/screens/retrospective/RetrospectiveNavigationTest.kt:35:23 'fun createEmptyComposeRule(effectContext: CoroutineContext = ...): ComposeTestRule' is deprecated. Use `androidx.compose.ui.test.junit4.v2.createEmptyComposeRule` instead. The v2 APIs use StandardTestDispatcher instead of UnconfinedTestDispatcher, which aligns with standard coroutine behavior by queuing tasks rather than executing them immediately. Tests relying on immediate execution may require explicit synchronization. Please refer to the migration guide for more details.
w: file:///D:/Evolune-Workspace/worktrees/Evolune-v1.7.4/app/src/androidTest/java/io/github/yingqiu0871/evolune/ui/screens/retrospective/RetrospectiveScreenTest.kt:58:23 'fun createComposeRule(effectContext: CoroutineContext = ...): ComposeContentTestRule' is deprecated. Use `androidx.compose.ui.test.junit4.v2.createComposeRule` instead. The v2 APIs use StandardTestDispatcher instead of UnconfinedTestDispatcher, which aligns with standard coroutine behavior by queuing tasks rather than executing them immediately. Tests relying on immediate execution may require explicit synchronization. Please refer to the migration guide for more details.
w: file:///D:/Evolune-Workspace/worktrees/Evolune-v1.7.4/app/src/androidTest/java/io/github/yingqiu0871/evolune/ui/screens/timeline/TimelineAccessibilityTest.kt:54:23 'fun createComposeRule(effectContext: CoroutineContext = ...): ComposeContentTestRule' is deprecated. Use `androidx.compose.ui.test.junit4.v2.createComposeRule` instead. The v2 APIs use StandardTestDispatcher instead of UnconfinedTestDispatcher, which aligns with standard coroutine behavior by queuing tasks rather than executing them immediately. Tests relying on immediate execution may require explicit synchronization. Please refer to the migration guide for more details.
w: file:///D:/Evolune-Workspace/worktrees/Evolune-v1.7.4/app/src/androidTest/java/io/github/yingqiu0871/evolune/ui/screens/timeline/TimelineFontScaleTest.kt:42:23 'fun createComposeRule(effectContext: CoroutineContext = ...): ComposeContentTestRule' is deprecated. Use `androidx.compose.ui.test.junit4.v2.createComposeRule` instead. The v2 APIs use StandardTestDispatcher instead of UnconfinedTestDispatcher, which aligns with standard coroutine behavior by queuing tasks rather than executing them immediately. Tests relying on immediate execution may require explicit synchronization. Please refer to the migration guide for more details.
w: file:///D:/Evolune-Workspace/worktrees/Evolune-v1.7.4/app/src/androidTest/java/io/github/yingqiu0871/evolune/ui/screens/timeline/TimelineGeometryTest.kt:36:23 'fun createComposeRule(effectContext: CoroutineContext = ...): ComposeContentTestRule' is deprecated. Use `androidx.compose.ui.test.junit4.v2.createComposeRule` instead. The v2 APIs use StandardTestDispatcher instead of UnconfinedTestDispatcher, which aligns with standard coroutine behavior by queuing tasks rather than executing them immediately. Tests relying on immediate execution may require explicit synchronization. Please refer to the migration guide for more details.
w: file:///D:/Evolune-Workspace/worktrees/Evolune-v1.7.4/app/src/androidTest/java/io/github/yingqiu0871/evolune/ui/screens/timeline/TimelineLifecycleTest.kt:38:23 'fun <reified A : ComponentActivity> createAndroidComposeRule(effectContext: CoroutineContext = ...): AndroidComposeTestRule<ActivityScenarioRule<A>, A>' is deprecated. Use `androidx.compose.ui.test.junit4.v2.createAndroidComposeRule` instead. The v2 APIs use StandardTestDispatcher instead of UnconfinedTestDispatcher, which aligns with standard coroutine behavior by queuing tasks rather than executing them immediately. Tests relying on immediate execution may require explicit synchronization. Please refer to the migration guide for more details.
w: file:///D:/Evolune-Workspace/worktrees/Evolune-v1.7.4/app/src/androidTest/java/io/github/yingqiu0871/evolune/ui/screens/timeline/TimelineNavigationTest.kt:47:23 'fun createEmptyComposeRule(effectContext: CoroutineContext = ...): ComposeTestRule' is deprecated. Use `androidx.compose.ui.test.junit4.v2.createEmptyComposeRule` instead. The v2 APIs use StandardTestDispatcher instead of UnconfinedTestDispatcher, which aligns with standard coroutine behavior by queuing tasks rather than executing them immediately. Tests relying on immediate execution may require explicit synchronization. Please refer to the migration guide for more details.
w: file:///D:/Evolune-Workspace/worktrees/Evolune-v1.7.4/app/src/androidTest/java/io/github/yingqiu0871/evolune/ui/screens/timeline/TimelineScreenTest.kt:42:23 'fun createComposeRule(effectContext: CoroutineContext = ...): ComposeContentTestRule' is deprecated. Use `androidx.compose.ui.test.junit4.v2.createComposeRule` instead. The v2 APIs use StandardTestDispatcher instead of UnconfinedTestDispatcher, which aligns with standard coroutine behavior by queuing tasks rather than executing them immediately. Tests relying on immediate execution may require explicit synchronization. Please refer to the migration guide for more details.
w: file:///D:/Evolune-Workspace/worktrees/Evolune-v1.7.4/app/src/androidTest/java/io/github/yingqiu0871/evolune/ui/screens/timeline/TimelineVisualEvidenceTest.kt:31:23 'fun createComposeRule(effectContext: CoroutineContext = ...): ComposeContentTestRule' is deprecated. Use `androidx.compose.ui.test.junit4.v2.createComposeRule` instead. The v2 APIs use StandardTestDispatcher instead of UnconfinedTestDispatcher, which aligns with standard coroutine behavior by queuing tasks rather than executing them immediately. Tests relying on immediate execution may require explicit synchronization. Please refer to the migration guide for more details.

> Task :app:compileDebugAndroidTestJavaWithJavac NO-SOURCE
> Task :app:processDebugAndroidTestJavaRes
> Task :app:mergeDebugAndroidTestJavaResource
> Task :app:dexBuilderDebugAndroidTest
> Task :app:mergeProjectDexDebugAndroidTest
> Task :app:packageDebugAndroidTest
> Task :app:createDebugAndroidTestApkListingFileRedirect
Starting 15 tests on Pixel_7(AVD) - 15
Pixel_7(AVD) - 15 Tests 3/15 completed. (0 skipped) (0 failed)
Pixel_7(AVD) - 15 Tests 8/15 completed. (0 skipped) (0 failed)
> Task :app:connectedDebugAndroidTest

Pixel_7(AVD) - 15 Tests 13/15 completed. (0 skipped) (0 failed)
Finished 15 tests on Pixel_7(AVD) - 15

BUILD SUCCESSFUL in 58s
69 actionable tasks: 30 executed, 39 up-to-date
Consider enabling configuration cache to speed up this build: https://docs.gradle.org/9.2.1/userguide/configuration_cache_enabling.html
